
================================================================================

Memory Map of the image

  Image Entry point : 0x00000000

  Load Region ROM_LOAD (Base: 0x00000000, Size: 0x00047774, Max: 0x00800000, ABSOLUTE)

    Execution Region ROM1 (Base: 0x00000000, Size: 0x000450e4, Max: 0x00800000, ABSOLUTE)

    Base Addr    Size         Type   Attr  Idx  E Section Name        Object

    0x00000000   0x000002c8   Code   RO  1223   * StartUp             startup.o
    0x000002c8   0x00000130   Code   RO     1     .text               arm.o
    0x000003f8   0x00000760   Code   RO   109     .text               drv_l1_adc.o
    0x00000b58   0x0000055c   Code   RO   215     .text               drv_l1_cache.o
    0x000010b4   0x000015e8   Code   RO   271     .text               drv_l1_dma.o
    0x0000269c   0x000001f4   Code   RO   324     .text               drv_l1_ext_int.o
    0x00002890   0x000003b8   Code   RO   353     .text               drv_l1_gpio.o
    0x00002c48   0x00000144   Code   RO   396     .text               drv_l1_init.o
    0x00002d8c   0x00000368   Code   RO   441     .text               drv_l1_interrupt.o
    0x000030f4   0x00000288   Code   RO   494     .text               drv_l1_mic.o
    0x0000337c   0x0000103c   Code   RO   542     .text               drv_l1_rtc.o
    0x000043b8   0x00000634   Code   RO   619     .text               drv_l1_spi.o
    0x000049ec   0x0000023c   Code   RO   676     .text               drv_l1_sw_timer.o
    0x00004c28   0x00000024   Code   RO   709     .text               drv_l1_sw_timer_isr.o
    0x00004c4c   0x00000158   Code   RO   723     .text               drv_l1_system.o
    0x00004da4   0x00000fec   Code   RO   945     .text               drv_l1_timer.o
    0x00005d90   0x000006d8   Code   RO  1035     .text               drv_l1_uart.o
    0x00006468   0x00000068   Code   RO  1130     .text               drv_l1_watchdog.o
    0x000064d0   0x000002c0   Code   RO  1167     .text               gp_stdlib.o
    0x00006790   0x00000150   Code   RO  1203     .text               main.o
    0x000068e0   0x000005d4   Code   RO  1230     .text               system_timer.o
    0x00006eb4   0x00000004   Code   RO  1263     .text               driver_l2_init.o
    0x00006eb8   0x000002ec   Code   RO  1330     .text               gplib_mm_gplus.o
    0x000071a4   0x000005a0   Code   RO  1375     .text               gplib_calendar.o
    0x00007744   0x00000010   Code   RO  1416     .text               gplib_init.o
    0x00007754   0x000000a4   Code   RO  1428     .text               gplib_print_string.o
    0x000077f8   0x00000ae8   Code   RO  1456     .text               nvram.o
    0x000082e0   0x000000f8   Code   RO  1521     .text               task_state_handling.o
    0x000083d8   0x0000038c   Code   RO  1550     .text               task_peripheral_handling.o
    0x00008764   0x00000370   Code   RO  1589     .text               msg_manager.o
    0x00008ad4   0x00000424   Code   RO  1631     .text               video_codec_callback.o
    0x00008ef8   0x00000400   Code   RO  1678     .text               video_encoder.o
    0x000092f8   0x00000520   Code   RO  1741     .text               state_usb.o
    0x00009818   0x000000bc   Code   RO  1807     .text               state_startup.o
    0x000098d4   0x00000018   Code   RO  1834     .text               ap_startup.o
    0x000098ec   0x0000086c   Code   RO  1852     .text               ap_video_preview.o
    0x0000a158   0x000006b0   Code   RO  1898     .text               state_video_preview.o
    0x0000a808   0x000012bc   Code   RO  1925     .text               ap_peripheral_handling.o
    0x0000bac4   0x00002014   Code   RO  2004     .text               ap_storage_service.o
    0x0000dad8   0x00000220   Code   RO  2072     .text               task_storage_service.o
    0x0000dcf8   0x00000638   Code   RO  2095     .text               ap_state_handling.o
    0x0000e330   0x0000070c   Code   RO  2177     .text               ap_video_record.o
    0x0000ea3c   0x000008b4   Code   RO  2222     .text               state_video_record.o
    0x0000f2f0   0x00000480   Code   RO  2344     .text               drv_l1_sensor.o
    0x0000f770   0x00000420   Code   RO  2402     .text               ap_display.o
    0x0000fb90   0x000009f8   Code   RO  2571     .text               ap_state_config.o
    0x00010588   0x00000be8   Code   RO  2834     .text               ap_state_resource.o
    0x00011170   0x00000030   Code   RO  2962     .text               drv_l1_dac.o
    0x000111a0   0x0000078c   Code   RO  3099     .text               ap_usb.o
    0x0001192c   0x00001eac   Code   RO  3309     .text               my_video_codec_callback.o
    0x000137d8   0x00000308   Code   RO  3504     .text               drv_l2_sensor.o
    0x00013ae0   0x000029ac   Code   RO  3530     .text               drv_l1_cdsp.o
    0x0001648c   0x0000058c   Code   RO  4120     .text               drv_l1_front.o
[...]
    0x00002fa8   0x00000034   Dbug   RW   305     .debug_pubnames     drv_l1_dma.o
    0x00002fdc   0x0000002c   Dbug   RW   308     .debug_pubnames     drv_l1_dma.o
    0x00003008   0x00000028   Dbug   RW   311     .debug_pubnames     drv_l1_dma.o
    0x00003030   0x00000034   Dbug   RW   314     .debug_pubnames     drv_l1_dma.o
    0x00003064   0x000000b0   Dbug   RW   317     .debug_pubnames     drv_l1_dma.o
    0x00003114   0x00000258   Dbug   RW   321     .debug_pubnames     drv_l1_dma.o
    0x0000336c   0x0000002c   Dbug   RW   328     .debug_pubnames     drv_l1_ext_int.o
    0x00003398   0x00000024   Dbug   RW   331     .debug_pubnames     drv_l1_ext_int.o
    0x000033bc   0x00000028   Dbug   RW   334     .debug_pubnames     drv_l1_ext_int.o
    0x000033e4   0x00000028   Dbug   RW   337     .debug_pubnames     drv_l1_ext_int.o
    0x0000340c   0x0000002c   Dbug   RW   340     .debug_pubnames     drv_l1_ext_int.o
    0x00003438   0x00000048   Dbug   RW   343     .debug_pubnames     drv_l1_ext_int.o
    0x00003480   0x000000a0   Dbug   RW   347     .debug_pubnames     drv_l1_ext_int.o
    0x00003520   0x00000028   Dbug   RW   356     .debug_pubnames     drv_l1_gpio.o
    0x00003548   0x0000002c   Dbug   RW   359     .debug_pubnames     drv_l1_gpio.o
    0x00003574   0x00000020   Dbug   RW   362     .debug_pubnames     drv_l1_gpio.o
    0x00003594   0x00000024   Dbug   RW   365     .debug_pubnames     drv_l1_gpio.o
    0x000035b8   0x00000024   Dbug   RW   368     .debug_pubnames     drv_l1_gpio.o
    0x000035dc   0x00000024   Dbug   RW   371     .debug_pubnames     drv_l1_gpio.o
    0x00003600   0x00000030   Dbug   RW   374     .debug_pubnames     drv_l1_gpio.o
    0x00003630   0x00000024   Dbug   RW   377     .debug_pubnames     drv_l1_gpio.o
    0x00003654   0x00000028   Dbug   RW   380     .debug_pubnames     drv_l1_gpio.o
    0x0000367c   0x00000104   Dbug   RW   386     .debug_pubnames     drv_l1_gpio.o
    0x00003780   0x00000024   Dbug   RW   402     .debug_pubnames     drv_l1_init.o
    0x000037a4   0x0000015c   Dbug   RW   410     .debug_pubnames     drv_l1_init.o
    0x00003900   0x00000284   Dbug   RW   417     .debug_pubnames     drv_l1_init.o
    0x00003b84   0x000007e0   Dbug   RW   421     .debug_pubnames     drv_l1_init.o
    0x00004364   0x00000344   Dbug   RW   431     .debug_pubnames     drv_l1_init.o
    0x000046a8   0x000001a0   Dbug   RW   435     .debug_pubnames     drv_l1_init.o
    0x00004848   0x000000dc   Dbug   RW   439     .debug_pubnames     drv_l1_init.o
    0x00004924   0x0000002c   Dbug   RW   445     .debug_pubnames     drv_l1_interrupt.o
    0x00004950   0x00000030   Dbug   RW   448     .debug_pubnames     drv_l1_interrupt.o
    0x00004980   0x00000028   Dbug   RW   451     .debug_pubnames     drv_l1_interrupt.o
    0x000049a8   0x0000002c   Dbug   RW   454     .debug_pubnames     drv_l1_interrupt.o
    0x000049d4   0x00000028   Dbug   RW   457     .debug_pubnames     drv_l1_interrupt.o
    0x000049fc   0x00000028   Dbug   RW   460     .debug_pubnames     drv_l1_interrupt.o
    0x00004a24   0x00000028   Dbug   RW   463     .debug_pubnames     drv_l1_interrupt.o
    0x00004a4c   0x0000002c   Dbug   RW   466     .debug_pubnames     drv_l1_interrupt.o
    0x00004a78   0x00000028   Dbug   RW   469     .debug_pubnames     drv_l1_interrupt.o
    0x00004aa0   0x00000028   Dbug   RW   472     .debug_pubnames     drv_l1_interrupt.o
    0x00004ac8   0x00000028   Dbug   RW   475     .debug_pubnames     drv_l1_interrupt.o
    0x00004af0   0x00000028   Dbug   RW   478     .debug_pubnames     drv_l1_interrupt.o
    0x00004b18   0x00000020   Dbug   RW   481     .debug_pubnames     drv_l1_interrupt.o
    0x00004b38   0x0000002c   Dbug   RW   484     .debug_pubnames     drv_l1_interrupt.o
    0x00004b64   0x00000120   Dbug   RW   488     .debug_pubnames     drv_l1_interrupt.o
    0x00004c84   0x00000020   Dbug   RW   498     .debug_pubnames     drv_l1_mic.o
    0x00004ca4   0x00000028   Dbug   RW   501     .debug_pubnames     drv_l1_mic.o
    0x00004ccc   0x0000002c   Dbug   RW   504     .debug_pubnames     drv_l1_mic.o
    0x00004cf8   0x00000028   Dbug   RW   507     .debug_pubnames     drv_l1_mic.o
    0x00004d20   0x0000002c   Dbug   RW   510     .debug_pubnames     drv_l1_mic.o
    0x00004d4c   0x0000002c   Dbug   RW   513     .debug_pubnames     drv_l1_mic.o
    0x00004d78   0x0000002c   Dbug   RW   516     .debug_pubnames     drv_l1_mic.o
    0x00004da4   0x00000028   Dbug   RW   519     .debug_pubnames     drv_l1_mic.o
    0x00004dcc   0x0000002c   Dbug   RW   522     .debug_pubnames     drv_l1_mic.o
    0x00004df8   0x0000002c   Dbug   RW   525     .debug_pubnames     drv_l1_mic.o
    0x00004e24   0x0000002c   Dbug   RW   528     .debug_pubnames     drv_l1_mic.o
    0x00004e50   0x00000028   Dbug   RW   531     .debug_pubnames     drv_l1_mic.o
    0x00004e78   0x0000011c   Dbug   RW   537     .debug_pubnames     drv_l1_mic.o
    0x00004f94   0x0000002c   Dbug   RW   541     .debug_pubnames     drv_l1_mic.o
    0x00004fc0   0x00000024   Dbug   RW   546     .debug_pubnames     drv_l1_rtc.o
    0x00004fe4   0x00000024   Dbug   RW   549     .debug_pubnames     drv_l1_rtc.o
    0x00005008   0x0000002c   Dbug   RW   552     .debug_pubnames     drv_l1_rtc.o
    0x00005034   0x0000002c   Dbug   RW   555     .debug_pubnames     drv_l1_rtc.o
    0x00005060   0x00000020   Dbug   RW   558     .debug_pubnames     drv_l1_rtc.o
    0x00005080   0x00000024   Dbug   RW   561     .debug_pubnames     drv_l1_rtc.o
    0x000050a4   0x00000024   Dbug   RW   564     .debug_pubnames     drv_l1_rtc.o
    0x000050c8   0x00000024   Dbug   RW   567     .debug_pubnames     drv_l1_rtc.o
    0x000050ec   0x00000024   Dbug   RW   570     .debug_pubnames     drv_l1_rtc.o
    0x00005110   0x00000024   Dbug   RW   573     .debug_pubnames     drv_l1_rtc.o
    0x00005134   0x00000024   Dbug   RW   576     .debug_pubnames     drv_l1_rtc.o
    0x00005158   0x0000002c   Dbug   RW   579     .debug_pubnames     drv_l1_rtc.o
    0x00005184   0x0000002c   Dbug   RW   582     .debug_pubnames     drv_l1_rtc.o
    0x000051b0   0x00000028   Dbug   RW   585     .debug_pubnames     drv_l1_rtc.o
    0x000051d8   0x0000002c   Dbug   RW   588     .debug_pubnames     drv_l1_rtc.o
    0x00005204   0x0000002c   Dbug   RW   591     .debug_pubnames     drv_l1_rtc.o
    0x00005230   0x0000002c   Dbug   RW   594     .debug_pubnames     drv_l1_rtc.o
    0x0000525c   0x0000002c   Dbug   RW   597     .debug_pubnames     drv_l1_rtc.o
    0x00005288   0x0000002c   Dbug   RW   600     .debug_pubnames     drv_l1_rtc.o
    0x000052b4   0x00000030   Dbug   RW   603     .debug_pubnames     drv_l1_rtc.o
    0x000052e4   0x00000030   Dbug   RW   606     .debug_pubnames     drv_l1_rtc.o
    0x00005314   0x00000034   Dbug   RW   609     .debug_pubnames     drv_l1_rtc.o
    0x00005348   0x00000278   Dbug   RW   613     .debug_pubnames     drv_l1_rtc.o
    0x000055c0   0x00000024   Dbug   RW   623     .debug_pubnames     drv_l1_spi.o
    0x000055e4   0x00000024   Dbug   RW   626     .debug_pubnames     drv_l1_spi.o
    0x00005608   0x00000028   Dbug   RW   629     .debug_pubnames     drv_l1_spi.o
    0x00005630   0x0000002c   Dbug   RW   632     .debug_pubnames     drv_l1_spi.o
    0x0000565c   0x00000024   Dbug   RW   635     .debug_pubnames     drv_l1_spi.o
    0x00005680   0x00000020   Dbug   RW   638     .debug_pubnames     drv_l1_spi.o
    0x000056a0   0x00000024   Dbug   RW   641     .debug_pubnames     drv_l1_spi.o
    0x000056c4   0x00000028   Dbug   RW   644     .debug_pubnames     drv_l1_spi.o
    0x000056ec   0x00000028   Dbug   RW   647     .debug_pubnames     drv_l1_spi.o
    0x00005714   0x00000028   Dbug   RW   650     .debug_pubnames     drv_l1_spi.o
    0x0000573c   0x00000030   Dbug   RW   653     .debug_pubnames     drv_l1_spi.o
    0x0000576c   0x00000030   Dbug   RW   656     .debug_pubnames     drv_l1_spi.o
    0x0000579c   0x00000024   Dbug   RW   659     .debug_pubnames     drv_l1_spi.o
    0x000057c0   0x0000002c   Dbug   RW   662     .debug_pubnames     drv_l1_spi.o
    0x000057ec   0x00000040   Dbug   RW   665     .debug_pubnames     drv_l1_spi.o
    0x0000582c   0x00000144   Dbug   RW   669     .debug_pubnames     drv_l1_spi.o
    0x00005970   0x00000094   Dbug   RW   674     .debug_pubnames     drv_l1_spi.o
    0x00005a04   0x00000024   Dbug   RW   680     .debug_pubnames     drv_l1_sw_timer.o
    0x00005a28   0x0000002c   Dbug   RW   683     .debug_pubnames     drv_l1_sw_timer.o
    0x00005a54   0x00000030   Dbug   RW   686     .debug_pubnames     drv_l1_sw_timer.o
    0x00005a84   0x00000028   Dbug   RW   689     .debug_pubnames     drv_l1_sw_timer.o
    0x00005aac   0x00000028   Dbug   RW   692     .debug_pubnames     drv_l1_sw_timer.o
    0x00005ad4   0x00000028   Dbug   RW   695     .debug_pubnames     drv_l1_sw_timer.o
    0x00005afc   0x0000002c   Dbug   RW   698     .debug_pubnames     drv_l1_sw_timer.o
    0x00005b28   0x000000b0   Dbug   RW   702     .debug_pubnames     drv_l1_sw_timer.o
    0x00005bd8   0x00000024   Dbug   RW   713     .debug_pubnames     drv_l1_sw_timer_isr.o
    0x00005bfc   0x00000024   Dbug   RW   719     .debug_pubnames     drv_l1_sw_timer_isr.o
    0x00005c20   0x00000054   Dbug   RW   722     .debug_pubnames     drv_l1_sw_timer_isr.o
    0x00005c74   0x0000002c   Dbug   RW   749     .debug_pubnames     drv_l1_system.o
    0x00005ca0   0x00000028   Dbug   RW   752     .debug_pubnames     drv_l1_system.o
    0x00005cc8   0x00000028   Dbug   RW   755     .debug_pubnames     drv_l1_system.o
    0x00005cf0   0x00000030   Dbug   RW   758     .debug_pubnames     drv_l1_system.o
    0x00005d20   0x00000030   Dbug   RW   761     .debug_pubnames     drv_l1_system.o
    0x00005d50   0x00000030   Dbug   RW   764     .debug_pubnames     drv_l1_system.o
    0x00005d80   0x00000024   Dbug   RW   767     .debug_pubnames     drv_l1_system.o
    0x00005da4   0x00000030   Dbug   RW   770     .debug_pubnames     drv_l1_system.o
    0x00005dd4   0x0000002c   Dbug   RW   773     .debug_pubnames     drv_l1_system.o
    0x00005e00   0x00000028   Dbug   RW   776     .debug_pubnames     drv_l1_system.o
    0x00005e28   0x00000024   Dbug   RW   779     .debug_pubnames     drv_l1_system.o
    0x00005e4c   0x00000030   Dbug   RW   791     .debug_pubnames     drv_l1_system.o
    0x00005e7c   0x00000028   Dbug   RW   797     .debug_pubnames     drv_l1_system.o
    0x00005ea4   0x00000028   Dbug   RW   803     .debug_pubnames     drv_l1_system.o
    0x00005ecc   0x00000028   Dbug   RW   806     .debug_pubnames     drv_l1_system.o
    0x00005ef4   0x0000002c   Dbug   RW   809     .debug_pubnames     drv_l1_system.o
    0x00005f20   0x0000002c   Dbug   RW   812     .debug_pubnames     drv_l1_system.o
    0x00005f4c   0x0000008c   Dbug   RW   815     .debug_pubnames     drv_l1_system.o
    0x00005fd8   0x0000002c   Dbug   RW   820     .debug_pubnames     drv_l1_system.o
    0x00006004   0x00000028   Dbug   RW   825     .debug_pubnames     drv_l1_system.o
    0x0000602c   0x00000024   Dbug   RW   830     .debug_pubnames     drv_l1_system.o
    0x00006050   0x00000030   Dbug   RW   835     .debug_pubnames     drv_l1_system.o
    0x00006080   0x0000002c   Dbug   RW   839     .debug_pubnames     drv_l1_system.o
    0x000060ac   0x00000028   Dbug   RW   844     .debug_pubnames     drv_l1_system.o
    0x000060d4   0x00000024   Dbug   RW   849     .debug_pubnames     drv_l1_system.o
    0x000060f8   0x00000030   Dbug   RW   868     .debug_pubnames     drv_l1_system.o
    0x00006128   0x00000028   Dbug   RW   878     .debug_pubnames     drv_l1_system.o
    0x00006150   0x00000028   Dbug   RW   888     .debug_pubnames     drv_l1_system.o
    0x00006178   0x00000028   Dbug   RW   893     .debug_pubnames     drv_l1_system.o
    0x000061a0   0x0000002c   Dbug   RW   898     .debug_pubnames     drv_l1_system.o
    0x000061cc   0x00000098   Dbug   RW   903     .debug_pubnames     drv_l1_system.o
    0x00006264   0x0000002c   Dbug   RW   907     .debug_pubnames     drv_l1_system.o
    0x00006290   0x00001314   Dbug   RW   911     .debug_pubnames     drv_l1_system.o
    0x000075a4   0x00004560   Dbug   RW   923     .debug_pubnames     drv_l1_system.o
    0x0000bb04   0x000014d4   Dbug   RW   927     .debug_pubnames     drv_l1_system.o
    0x0000cfd8   0x0000002c   Dbug   RW   935     .debug_pubnames     drv_l1_system.o
    0x0000d004   0x000000bc   Dbug   RW   939     .debug_pubnames     drv_l1_system.o
    0x0000d0c0   0x0000011c   Dbug   RW   943     .debug_pubnames     drv_l1_system.o
    0x0000d1dc   0x00000024   Dbug   RW   949     .debug_pubnames     drv_l1_timer.o
    0x0000d200   0x00000024   Dbug   RW   952     .debug_pubnames     drv_l1_timer.o
    0x0000d224   0x00000028   Dbug   RW   955     .debug_pubnames     drv_l1_timer.o
    0x0000d24c   0x00000028   Dbug   RW   958     .debug_pubnames     drv_l1_timer.o
    0x0000d274   0x00000028   Dbug   RW   961     .debug_pubnames     drv_l1_timer.o
    0x0000d29c   0x00000028   Dbug   RW   964     .debug_pubnames     drv_l1_timer.o
    0x0000d2c4   0x00000028   Dbug   RW   967     .debug_pubnames     drv_l1_timer.o
    0x0000d2ec   0x00000028   Dbug   RW   970     .debug_pubnames     drv_l1_timer.o
    0x0000d314   0x0000002c   Dbug   RW   973     .debug_pubnames     drv_l1_timer.o
    0x0000d340   0x0000002c   Dbug   RW   976     .debug_pubnames     drv_l1_timer.o
    0x0000d36c   0x0000002c   Dbug   RW   979     .debug_pubnames     drv_l1_timer.o
    0x0000d398   0x00000030   Dbug   RW   982     .debug_pubnames     drv_l1_timer.o
    0x0000d3c8   0x00000028   Dbug   RW   985     .debug_pubnames     drv_l1_timer.o
    0x0000d3f0   0x00000028   Dbug   RW   988     .debug_pubnames     drv_l1_timer.o
    0x0000d418   0x00000024   Dbug   RW   991     .debug_pubnames     drv_l1_timer.o
    0x0000d43c   0x00000028   Dbug   RW   994     .debug_pubnames     drv_l1_timer.o
    0x0000d464   0x00000024   Dbug   RW   997     .debug_pubnames     drv_l1_timer.o
    0x0000d488   0x0000002c   Dbug   RW  1000     .debug_pubnames     drv_l1_timer.o
    0x0000d4b4   0x00000028   Dbug   RW  1003     .debug_pubnames     drv_l1_timer.o
    0x0000d4dc   0x0000002c   Dbug   RW  1006     .debug_pubnames     drv_l1_timer.o
    0x0000d508   0x00000030   Dbug   RW  1009     .debug_pubnames     drv_l1_timer.o
    0x0000d538   0x00000028   Dbug   RW  1012     .debug_pubnames     drv_l1_timer.o
    0x0000d560   0x00000028   Dbug   RW  1015     .debug_pubnames     drv_l1_timer.o
    0x0000d588   0x00000028   Dbug   RW  1018     .debug_pubnames     drv_l1_timer.o
    0x0000d5b0   0x00000024   Dbug   RW  1021     .debug_pubnames     drv_l1_timer.o
    0x0000d5d4   0x00000130   Dbug   RW  1024     .debug_pubnames     drv_l1_timer.o
    0x0000d704   0x00000320   Dbug   RW  1028     .debug_pubnames     drv_l1_timer.o
    0x0000da24   0x00000024   Dbug   RW  1039     .debug_pubnames     drv_l1_uart.o
    0x0000da48   0x00000028   Dbug   RW  1042     .debug_pubnames     drv_l1_uart.o
    0x0000da70   0x00000028   Dbug   RW  1045     .debug_pubnames     drv_l1_uart.o
    0x0000da98   0x00000024   Dbug   RW  1048     .debug_pubnames     drv_l1_uart.o
    0x0000dabc   0x00000024   Dbug   RW  1051     .debug_pubnames     drv_l1_uart.o
    0x0000dae0   0x00000028   Dbug   RW  1054     .debug_pubnames     drv_l1_uart.o
    0x0000db08   0x0000002c   Dbug   RW  1057     .debug_pubnames     drv_l1_uart.o
    0x0000db34   0x0000002c   Dbug   RW  1060     .debug_pubnames     drv_l1_uart.o
    0x0000db60   0x0000002c   Dbug   RW  1063     .debug_pubnames     drv_l1_uart.o
    0x0000db8c   0x00000028   Dbug   RW  1066     .debug_pubnames     drv_l1_uart.o
    0x0000dbb4   0x00000028   Dbug   RW  1069     .debug_pubnames     drv_l1_uart.o
    0x0000dbdc   0x00000020   Dbug   RW  1072     .debug_pubnames     drv_l1_uart.o
    0x0000dbfc   0x00000028   Dbug   RW  1075     .debug_pubnames     drv_l1_uart.o
    0x0000dc24   0x00000028   Dbug   RW  1078     .debug_pubnames     drv_l1_uart.o
    0x0000dc4c   0x00000028   Dbug   RW  1081     .debug_pubnames     drv_l1_uart.o
    0x0000dc74   0x00000028   Dbug   RW  1084     .debug_pubnames     drv_l1_uart.o
    0x0000dc9c   0x00000024   Dbug   RW  1087     .debug_pubnames     drv_l1_uart.o
    0x0000dcc0   0x00000028   Dbug   RW  1090     .debug_pubnames     drv_l1_uart.o
    0x0000dce8   0x00000028   Dbug   RW  1093     .debug_pubnames     drv_l1_uart.o
    0x0000dd10   0x00000028   Dbug   RW  1096     .debug_pubnames     drv_l1_uart.o
    0x0000dd38   0x00000024   Dbug   RW  1099     .debug_pubnames     drv_l1_uart.o
    0x0000dd5c   0x00000028   Dbug   RW  1102     .debug_pubnames     drv_l1_uart.o
    0x0000dd84   0x00000030   Dbug   RW  1105     .debug_pubnames     drv_l1_uart.o
    0x0000ddb4   0x0000002c   Dbug   RW  1108     .debug_pubnames     drv_l1_uart.o
    0x0000dde0   0x00000030   Dbug   RW  1111     .debug_pubnames     drv_l1_uart.o
    0x0000de10   0x00000028   Dbug   RW  1114     .debug_pubnames     drv_l1_uart.o
    0x0000de38   0x00000030   Dbug   RW  1117     .debug_pubnames     drv_l1_uart.o
    0x0000de68   0x00000024   Dbug   RW  1120     .debug_pubnames     drv_l1_uart.o
    0x0000de8c   0x000000c4   Dbug   RW  1123     .debug_pubnames     drv_l1_uart.o
    0x0000df50   0x000002b8   Dbug   RW  1127     .debug_pubnames     drv_l1_uart.o
    0x0000e208   0x00000024   Dbug   RW  1133     .debug_pubnames     drv_l1_watchdog.o
    0x0000e22c   0x00000020   Dbug   RW  1136     .debug_pubnames     drv_l1_watchdog.o
    0x0000e24c   0x00000024   Dbug   RW  1139     .debug_pubnames     drv_l1_watchdog.o
    0x0000e270   0x00000028   Dbug   RW  1142     .debug_pubnames     drv_l1_watchdog.o
    0x0000e298   0x00000058   Dbug   RW  1149     .debug_pubnames     drv_l1_watchdog.o
    0x0000e2f0   0x00000020   Dbug   RW  1170     .debug_pubnames     gp_stdlib.o
    0x0000e310   0x00000020   Dbug   RW  1173     .debug_pubnames     gp_stdlib.o
    0x0000e330   0x00000020   Dbug   RW  1176     .debug_pubnames     gp_stdlib.o
    0x0000e350   0x00000024   Dbug   RW  1179     .debug_pubnames     gp_stdlib.o
    0x0000e374   0x00000024   Dbug   RW  1182     .debug_pubnames     gp_stdlib.o
    0x0000e398   0x00000020   Dbug   RW  1185     .debug_pubnames     gp_stdlib.o
    0x0000e3b8   0x00000020   Dbug   RW  1188     .debug_pubnames     gp_stdlib.o
    0x0000e3d8   0x00000020   Dbug   RW  1191     .debug_pubnames     gp_stdlib.o
    0x0000e3f8   0x00000020   Dbug   RW  1194     .debug_pubnames     gp_stdlib.o
    0x0000e418   0x000000a8   Dbug   RW  1200     .debug_pubnames     gp_stdlib.o
    0x0000e4c0   0x00000028   Dbug   RW  1207     .debug_pubnames     main.o
    0x0000e4e8   0x0000001c   Dbug   RW  1210     .debug_pubnames     main.o
    0x0000e504   0x00000094   Dbug   RW  1213     .debug_pubnames     main.o
    0x0000e598   0x00000030   Dbug   RW  1217     .debug_pubnames     main.o
    0x0000e5c8   0x00000028   Dbug   RW  1234     .debug_pubnames     system_timer.o
    0x0000e5f0   0x0000002c   Dbug   RW  1237     .debug_pubnames     system_timer.o
    0x0000e61c   0x00000028   Dbug   RW  1240     .debug_pubnames     system_timer.o
    0x0000e644   0x0000002c   Dbug   RW  1243     .debug_pubnames     system_timer.o
    0x0000e670   0x0000002c   Dbug   RW  1246     .debug_pubnames     system_timer.o
    0x0000e69c   0x0000002c   Dbug   RW  1249     .debug_pubnames     system_timer.o
    0x0000e6c8   0x00000154   Dbug   RW  1252     .debug_pubnames     system_timer.o
    0x0000e81c   0x000000e0   Dbug   RW  1256     .debug_pubnames     system_timer.o
    0x0000e8fc   0x00000024   Dbug   RW  1261     .debug_pubnames     system_timer.o
    0x0000e920   0x00000024   Dbug   RW  1266     .debug_pubnames     driver_l2_init.o
    0x0000e944   0x00000024   Dbug   RW  1272     .debug_pubnames     driver_l2_init.o
    0x0000e968   0x00000024   Dbug   RW  1344     .debug_pubnames     gplib_mm_gplus.o
    0x0000e98c   0x00000028   Dbug   RW  1347     .debug_pubnames     gplib_mm_gplus.o
    0x0000e9b4   0x00000024   Dbug   RW  1350     .debug_pubnames     gplib_mm_gplus.o
    0x0000e9d8   0x00000020   Dbug   RW  1353     .debug_pubnames     gplib_mm_gplus.o
    0x0000e9f8   0x00000028   Dbug   RW  1356     .debug_pubnames     gplib_mm_gplus.o
    0x0000ea20   0x00000020   Dbug   RW  1359     .debug_pubnames     gplib_mm_gplus.o
    0x0000ea40   0x00000020   Dbug   RW  1362     .debug_pubnames     gplib_mm_gplus.o
    0x0000ea60   0x000001d4   Dbug   RW  1365     .debug_pubnames     gplib_mm_gplus.o
    0x0000ec34   0x00000084   Dbug   RW  1369     .debug_pubnames     gplib_mm_gplus.o
    0x0000ecb8   0x0000002c   Dbug   RW  1381     .debug_pubnames     gplib_calendar.o
    0x0000ece4   0x00000024   Dbug   RW  1384     .debug_pubnames     gplib_calendar.o
    0x0000ed08   0x00000028   Dbug   RW  1387     .debug_pubnames     gplib_calendar.o
    0x0000ed30   0x00000024   Dbug   RW  1390     .debug_pubnames     gplib_calendar.o
    0x0000ed54   0x00000030   Dbug   RW  1393     .debug_pubnames     gplib_calendar.o
    0x0000ed84   0x00000028   Dbug   RW  1396     .debug_pubnames     gplib_calendar.o
    0x0000edac   0x00000028   Dbug   RW  1399     .debug_pubnames     gplib_calendar.o
    0x0000edd4   0x00000034   Dbug   RW  1402     .debug_pubnames     gplib_calendar.o
    0x0000ee08   0x00000098   Dbug   RW  1405     .debug_pubnames     gplib_calendar.o
    0x0000eea0   0x000000d4   Dbug   RW  1409     .debug_pubnames     gplib_calendar.o
    0x0000ef74   0x00000020   Dbug   RW  1414     .debug_pubnames     gplib_calendar.o
    0x0000ef94   0x00000024   Dbug   RW  1419     .debug_pubnames     gplib_init.o
    0x0000efb8   0x00000024   Dbug   RW  1425     .debug_pubnames     gplib_init.o
    0x0000efdc   0x00000024   Dbug   RW  1432     .debug_pubnames     gplib_print_string.o
    0x0000f000   0x00000024   Dbug   RW  1435     .debug_pubnames     gplib_print_string.o
    0x0000f024   0x00000020   Dbug   RW  1438     .debug_pubnames     gplib_print_string.o
    0x0000f044   0x00000034   Dbug   RW  1442     .debug_pubnames     gplib_print_string.o
    0x0000f078   0x00000020   Dbug   RW  1450     .debug_pubnames     gplib_print_string.o
    0x0000f098   0x00000084   Dbug   RW  1454     .debug_pubnames     gplib_print_string.o
    0x0000f11c   0x00000028   Dbug   RW  1460     .debug_pubnames     nvram.o
    0x0000f144   0x00000028   Dbug   RW  1463     .debug_pubnames     nvram.o
    0x0000f16c   0x00000028   Dbug   RW  1466     .debug_pubnames     nvram.o
    0x0000f194   0x00000024   Dbug   RW  1469     .debug_pubnames     nvram.o
    0x0000f1b8   0x0000002c   Dbug   RW  1472     .debug_pubnames     nvram.o
    0x0000f1e4   0x00000024   Dbug   RW  1475     .debug_pubnames     nvram.o
    0x0000f208   0x00000028   Dbug   RW  1478     .debug_pubnames     nvram.o
    0x0000f230   0x00000020   Dbug   RW  1481     .debug_pubnames     nvram.o
    0x0000f250   0x00000030   Dbug   RW  1484     .debug_pubnames     nvram.o
    0x0000f280   0x00000028   Dbug   RW  1487     .debug_pubnames     nvram.o
    0x0000f2a8   0x00000024   Dbug   RW  1490     .debug_pubnames     nvram.o
    0x0000f2cc   0x00000030   Dbug   RW  1493     .debug_pubnames     nvram.o
    0x0000f2fc   0x00000034   Dbug   RW  1496     .debug_pubnames     nvram.o
    0x0000f330   0x00000030   Dbug   RW  1499     .debug_pubnames     nvram.o
    0x0000f360   0x00000030   Dbug   RW  1502     .debug_pubnames     nvram.o
    0x0000f390   0x0000002c   Dbug   RW  1505     .debug_pubnames     nvram.o
    0x0000f3bc   0x00000030   Dbug   RW  1508     .debug_pubnames     nvram.o
    0x0000f3ec   0x000000c4   Dbug   RW  1511     .debug_pubnames     nvram.o
    0x0000f4b0   0x00000230   Dbug   RW  1515     .debug_pubnames     nvram.o
    0x0000f6e0   0x0000002c   Dbug   RW  1527     .debug_pubnames     task_state_handling.o
    0x0000f70c   0x0000004c   Dbug   RW  1530     .debug_pubnames     task_state_handling.o
    0x0000f758   0x00000044   Dbug   RW  1534     .debug_pubnames     task_state_handling.o
    0x0000f79c   0x000014d4   Dbug   RW  1538     .debug_pubnames     task_state_handling.o
    0x00010c70   0x00000218   Dbug   RW  1541     .debug_pubnames     task_state_handling.o
    0x00010e88   0x0000006c   Dbug   RW  1548     .debug_pubnames     task_state_handling.o
    0x00010ef4   0x00000034   Dbug   RW  1558     .debug_pubnames     task_peripheral_handling.o
    0x00010f28   0x000001d8   Dbug   RW  1561     .debug_pubnames     task_peripheral_handling.o
    0x00011100   0x00000058   Dbug   RW  1565     .debug_pubnames     task_peripheral_handling.o
    0x00011158   0x000014d4   Dbug   RW  1569     .debug_pubnames     task_peripheral_handling.o
    0x0001262c   0x00000038   Dbug   RW  1571     .debug_pubnames     task_peripheral_handling.o
    0x00012664   0x00000218   Dbug   RW  1573     .debug_pubnames     task_peripheral_handling.o
    0x0001287c   0x00000024   Dbug   RW  1592     .debug_pubnames     msg_manager.o
    0x000128a0   0x00000024   Dbug   RW  1595     .debug_pubnames     msg_manager.o
    0x000128c4   0x00000024   Dbug   RW  1598     .debug_pubnames     msg_manager.o
    0x000128e8   0x00000020   Dbug   RW  1601     .debug_pubnames     msg_manager.o
    0x00012908   0x00000024   Dbug   RW  1604     .debug_pubnames     msg_manager.o
    0x0001292c   0x00000020   Dbug   RW  1607     .debug_pubnames     msg_manager.o
    0x0001294c   0x00000024   Dbug   RW  1610     .debug_pubnames     msg_manager.o
    0x00012970   0x00000024   Dbug   RW  1613     .debug_pubnames     msg_manager.o
    0x00012994   0x00000020   Dbug   RW  1616     .debug_pubnames     msg_manager.o
    0x000129b4   0x00000024   Dbug   RW  1619     .debug_pubnames     msg_manager.o
    0x000129d8   0x000000a8   Dbug   RW  1625     .debug_pubnames     msg_manager.o
    0x00012a80   0x00000028   Dbug   RW  1635     .debug_pubnames     video_codec_callback.o
    0x00012aa8   0x00000030   Dbug   RW  1638     .debug_pubnames     video_codec_callback.o
    0x00012ad8   0x00000030   Dbug   RW  1641     .debug_pubnames     video_codec_callback.o
    0x00012b08   0x00000030   Dbug   RW  1644     .debug_pubnames     video_codec_callback.o
    0x00012b38   0x00000038   Dbug   RW  1647     .debug_pubnames     video_codec_callback.o
    0x00012b70   0x00000030   Dbug   RW  1650     .debug_pubnames     video_codec_callback.o
    0x00012ba0   0x00000028   Dbug   RW  1653     .debug_pubnames     video_codec_callback.o
    0x00012bc8   0x00000030   Dbug   RW  1656     .debug_pubnames     video_codec_callback.o
    0x00012bf8   0x00000030   Dbug   RW  1659     .debug_pubnames     video_codec_callback.o
    0x00012c28   0x00000038   Dbug   RW  1662     .debug_pubnames     video_codec_callback.o
    0x00012c60   0x00000038   Dbug   RW  1665     .debug_pubnames     video_codec_callback.o
    0x00012c98   0x00000090   Dbug   RW  1668     .debug_pubnames     video_codec_callback.o
    0x00012d28   0x00000198   Dbug   RW  1672     .debug_pubnames     video_codec_callback.o
    0x00012ec0   0x0000002c   Dbug   RW  1681     .debug_pubnames     video_encoder.o
    0x00012eec   0x00000030   Dbug   RW  1684     .debug_pubnames     video_encoder.o
    0x00012f1c   0x00000028   Dbug   RW  1687     .debug_pubnames     video_encoder.o
    0x00012f44   0x0000002c   Dbug   RW  1690     .debug_pubnames     video_encoder.o
    0x00012f70   0x00000028   Dbug   RW  1693     .debug_pubnames     video_encoder.o
    0x00012f98   0x00000038   Dbug   RW  1696     .debug_pubnames     video_encoder.o
    0x00012fd0   0x0000003c   Dbug   RW  1699     .debug_pubnames     video_encoder.o
    0x0001300c   0x0000003c   Dbug   RW  1702     .debug_pubnames     video_encoder.o
    0x00013048   0x00000040   Dbug   RW  1705     .debug_pubnames     video_encoder.o
    0x00013088   0x00000034   Dbug   RW  1708     .debug_pubnames     video_encoder.o
    0x000130bc   0x00000040   Dbug   RW  1711     .debug_pubnames     video_encoder.o
    0x000130fc   0x00000030   Dbug   RW  1714     .debug_pubnames     video_encoder.o
    0x0001312c   0x00000030   Dbug   RW  1717     .debug_pubnames     video_encoder.o
    0x0001315c   0x000001f4   Dbug   RW  1723     .debug_pubnames     video_encoder.o
    0x00013350   0x00000028   Dbug   RW  1745     .debug_pubnames     state_usb.o
    0x00013378   0x00000020   Dbug   RW  1748     .debug_pubnames     state_usb.o
    0x00013398   0x0000002c   Dbug   RW  1751     .debug_pubnames     state_usb.o
    0x000133c4   0x00000028   Dbug   RW  1754     .debug_pubnames     state_usb.o
    0x000133ec   0x00000028   Dbug   RW  1757     .debug_pubnames     state_usb.o
    0x00013414   0x00000024   Dbug   RW  1760     .debug_pubnames     state_usb.o
    0x00013438   0x00000024   Dbug   RW  1763     .debug_pubnames     state_usb.o
    0x0001345c   0x00000024   Dbug   RW  1766     .debug_pubnames     state_usb.o
    0x00013480   0x0000002c   Dbug   RW  1769     .debug_pubnames     state_usb.o
    0x000134ac   0x0000002c   Dbug   RW  1772     .debug_pubnames     state_usb.o
    0x000134d8   0x000000f4   Dbug   RW  1775     .debug_pubnames     state_usb.o
    0x000135cc   0x00000100   Dbug   RW  1779     .debug_pubnames     state_usb.o
    0x000136cc   0x000014d4   Dbug   RW  1783     .debug_pubnames     state_usb.o
    0x00014ba0   0x000000dc   Dbug   RW  1789     .debug_pubnames     state_usb.o
    0x00014c7c   0x00000228   Dbug   RW  1797     .debug_pubnames     state_usb.o
    0x00014ea4   0x000001fc   Dbug   RW  1800     .debug_pubnames     state_usb.o
    0x000150a0   0x00000218   Dbug   RW  1802     .debug_pubnames     state_usb.o
    0x000152b8   0x0000002c   Dbug   RW  1810     .debug_pubnames     state_startup.o
    0x000152e4   0x0000002c   Dbug   RW  1813     .debug_pubnames     state_startup.o
    0x00015310   0x0000002c   Dbug   RW  1816     .debug_pubnames     state_startup.o
    0x0001533c   0x00000058   Dbug   RW  1822     .debug_pubnames     state_startup.o
    0x00015394   0x00000028   Dbug   RW  1837     .debug_pubnames     ap_startup.o
    0x000153bc   0x00000028   Dbug   RW  1843     .debug_pubnames     ap_startup.o
    0x000153e4   0x0000002c   Dbug   RW  1858     .debug_pubnames     ap_video_preview.o
    0x00015410   0x00000034   Dbug   RW  1861     .debug_pubnames     ap_video_preview.o
    0x00015444   0x00000038   Dbug   RW  1864     .debug_pubnames     ap_video_preview.o
    0x0001547c   0x0000002c   Dbug   RW  1867     .debug_pubnames     ap_video_preview.o
    0x000154a8   0x00000038   Dbug   RW  1870     .debug_pubnames     ap_video_preview.o
    0x000154e0   0x00000034   Dbug   RW  1873     .debug_pubnames     ap_video_preview.o
    0x00015514   0x00000044   Dbug   RW  1876     .debug_pubnames     ap_video_preview.o
    0x00015558   0x00000034   Dbug   RW  1879     .debug_pubnames     ap_video_preview.o
    0x0001558c   0x00000098   Dbug   RW  1882     .debug_pubnames     ap_video_preview.o
    0x00015624   0x000001c0   Dbug   RW  1886     .debug_pubnames     ap_video_preview.o
    0x000157e4   0x000014d4   Dbug   RW  1890     .debug_pubnames     ap_video_preview.o
    0x00016cb8   0x00000028   Dbug   RW  1893     .debug_pubnames     ap_video_preview.o
    0x00016ce0   0x00000030   Dbug   RW  1902     .debug_pubnames     state_video_preview.o
    0x00016d10   0x00000030   Dbug   RW  1905     .debug_pubnames     state_video_preview.o
    0x00016d40   0x00000074   Dbug   RW  1908     .debug_pubnames     state_video_preview.o
    0x00016db4   0x0000008c   Dbug   RW  1912     .debug_pubnames     state_video_preview.o
    0x00016e40   0x00000028   Dbug   RW  1916     .debug_pubnames     state_video_preview.o
    0x00016e68   0x00000024   Dbug   RW  1936     .debug_pubnames     ap_peripheral_handling.o
    0x00016e8c   0x00000034   Dbug   RW  1939     .debug_pubnames     ap_peripheral_handling.o
    0x00016ec0   0x00000034   Dbug   RW  1942     .debug_pubnames     ap_peripheral_handling.o
    0x00016ef4   0x00000024   Dbug   RW  1945     .debug_pubnames     ap_peripheral_handling.o
    0x00016f18   0x00000024   Dbug   RW  1948     .debug_pubnames     ap_peripheral_handling.o
    0x00016f3c   0x00000024   Dbug   RW  1951     .debug_pubnames     ap_peripheral_handling.o
    0x00016f60   0x00000024   Dbug   RW  1954     .debug_pubnames     ap_peripheral_handling.o
    0x00016f84   0x00000028   Dbug   RW  1957     .debug_pubnames     ap_peripheral_handling.o
    0x00016fac   0x00000040   Dbug   RW  1960     .debug_pubnames     ap_peripheral_handling.o
    0x00016fec   0x00000034   Dbug   RW  1963     .debug_pubnames     ap_peripheral_handling.o
    0x00017020   0x0000003c   Dbug   RW  1966     .debug_pubnames     ap_peripheral_handling.o
    0x0001705c   0x00000034   Dbug   RW  1969     .debug_pubnames     ap_peripheral_handling.o
    0x00017090   0x00000034   Dbug   RW  1972     .debug_pubnames     ap_peripheral_handling.o
    0x000170c4   0x00000030   Dbug   RW  1975     .debug_pubnames     ap_peripheral_handling.o
    0x000170f4   0x00000030   Dbug   RW  1978     .debug_pubnames     ap_peripheral_handling.o
    0x00017124   0x00000034   Dbug   RW  1981     .debug_pubnames     ap_peripheral_handling.o
    0x00017158   0x00000038   Dbug   RW  1984     .debug_pubnames     ap_peripheral_handling.o
    0x00017190   0x00000034   Dbug   RW  1987     .debug_pubnames     ap_peripheral_handling.o
    0x000171c4   0x00000034   Dbug   RW  1990     .debug_pubnames     ap_peripheral_handling.o
    0x000171f8   0x00000464   Dbug   RW  1993     .debug_pubnames     ap_peripheral_handling.o
    0x0001765c   0x0000038c   Dbug   RW  1997     .debug_pubnames     ap_peripheral_handling.o
    0x000179e8   0x000014d4   Dbug   RW  2001     .debug_pubnames     ap_peripheral_handling.o
    0x00018ebc   0x00000038   Dbug   RW  2003     .debug_pubnames     ap_peripheral_handling.o
    0x00018ef4   0x00000030   Dbug   RW  2011     .debug_pubnames     ap_storage_service.o
    0x00018f24   0x00000038   Dbug   RW  2014     .debug_pubnames     ap_storage_service.o
    0x00018f5c   0x0000002c   Dbug   RW  2017     .debug_pubnames     ap_storage_service.o
    0x00018f88   0x00000038   Dbug   RW  2020     .debug_pubnames     ap_storage_service.o
    0x00018fc0   0x00000040   Dbug   RW  2023     .debug_pubnames     ap_storage_service.o
    0x00019000   0x00000034   Dbug   RW  2026     .debug_pubnames     ap_storage_service.o
    0x00019034   0x00000038   Dbug   RW  2029     .debug_pubnames     ap_storage_service.o
    0x0001906c   0x00000038   Dbug   RW  2032     .debug_pubnames     ap_storage_service.o
    0x000190a4   0x0000003c   Dbug   RW  2035     .debug_pubnames     ap_storage_service.o
    0x000190e0   0x0000003c   Dbug   RW  2038     .debug_pubnames     ap_storage_service.o
    0x0001911c   0x00000034   Dbug   RW  2041     .debug_pubnames     ap_storage_service.o
    0x00019150   0x00000038   Dbug   RW  2044     .debug_pubnames     ap_storage_service.o
    0x00019188   0x00000024   Dbug   RW  2047     .debug_pubnames     ap_storage_service.o
    0x000191ac   0x00000024   Dbug   RW  2050     .debug_pubnames     ap_storage_service.o
    0x000191d0   0x000002f8   Dbug   RW  2053     .debug_pubnames     ap_storage_service.o
    0x000194c8   0x0000040c   Dbug   RW  2057     .debug_pubnames     ap_storage_service.o
    0x000198d4   0x000014d4   Dbug   RW  2061     .debug_pubnames     ap_storage_service.o
    0x0001ada8   0x00000158   Dbug   RW  2070     .debug_pubnames     ap_storage_service.o
    0x0001af00   0x00000030   Dbug   RW  2078     .debug_pubnames     task_storage_service.o
    0x0001af30   0x000000b4   Dbug   RW  2081     .debug_pubnames     task_storage_service.o
    0x0001afe4   0x00000050   Dbug   RW  2085     .debug_pubnames     task_storage_service.o
    0x0001b034   0x000014d4   Dbug   RW  2089     .debug_pubnames     task_storage_service.o
    0x0001c508   0x00000038   Dbug   RW  2102     .debug_pubnames     ap_state_handling.o
    0x0001c540   0x00000038   Dbug   RW  2105     .debug_pubnames     ap_state_handling.o
    0x0001c578   0x0000003c   Dbug   RW  2108     .debug_pubnames     ap_state_handling.o
    0x0001c5b4   0x00000038   Dbug   RW  2111     .debug_pubnames     ap_state_handling.o
    0x0001c5ec   0x00000038   Dbug   RW  2114     .debug_pubnames     ap_state_handling.o
    0x0001c624   0x00000038   Dbug   RW  2117     .debug_pubnames     ap_state_handling.o
    0x0001c65c   0x00000030   Dbug   RW  2120     .debug_pubnames     ap_state_handling.o
    0x0001c68c   0x00000030   Dbug   RW  2123     .debug_pubnames     ap_state_handling.o
    0x0001c6bc   0x00000038   Dbug   RW  2126     .debug_pubnames     ap_state_handling.o
    0x0001c6f4   0x00000038   Dbug   RW  2129     .debug_pubnames     ap_state_handling.o
    0x0001c72c   0x0000001c   Dbug   RW  2132     .debug_pubnames     ap_state_handling.o
    0x0001c748   0x0000003c   Dbug   RW  2135     .debug_pubnames     ap_state_handling.o
    0x0001c784   0x00000038   Dbug   RW  2138     .debug_pubnames     ap_state_handling.o
    0x0001c7bc   0x00000030   Dbug   RW  2141     .debug_pubnames     ap_state_handling.o
    0x0001c7ec   0x00000034   Dbug   RW  2144     .debug_pubnames     ap_state_handling.o
    0x0001c820   0x00000034   Dbug   RW  2147     .debug_pubnames     ap_state_handling.o
    0x0001c854   0x00000034   Dbug   RW  2150     .debug_pubnames     ap_state_handling.o
    0x0001c888   0x00000038   Dbug   RW  2153     .debug_pubnames     ap_state_handling.o
    0x0001c8c0   0x00000218   Dbug   RW  2156     .debug_pubnames     ap_state_handling.o
    0x0001cad8   0x000002a8   Dbug   RW  2160     .debug_pubnames     ap_state_handling.o
    0x0001cd80   0x00000218   Dbug   RW  2164     .debug_pubnames     ap_state_handling.o
    0x0001cf98   0x0000002c   Dbug   RW  2182     .debug_pubnames     ap_video_record.o
    0x0001cfc4   0x00000038   Dbug   RW  2185     .debug_pubnames     ap_video_record.o
    0x0001cffc   0x00000038   Dbug   RW  2188     .debug_pubnames     ap_video_record.o
    0x0001d034   0x0000003c   Dbug   RW  2191     .debug_pubnames     ap_video_record.o
    0x0001d070   0x0000003c   Dbug   RW  2194     .debug_pubnames     ap_video_record.o
    0x0001d0ac   0x00000030   Dbug   RW  2197     .debug_pubnames     ap_video_record.o
    0x0001d0dc   0x0000002c   Dbug   RW  2200     .debug_pubnames     ap_video_record.o
    0x0001d108   0x00000034   Dbug   RW  2203     .debug_pubnames     ap_video_record.o
    0x0001d13c   0x0000002c   Dbug   RW  2206     .debug_pubnames     ap_video_record.o
    0x0001d168   0x00000030   Dbug   RW  2209     .debug_pubnames     ap_video_record.o
    0x0001d198   0x00000034   Dbug   RW  2212     .debug_pubnames     ap_video_record.o
    0x0001d1cc   0x00000108   Dbug   RW  2215     .debug_pubnames     ap_video_record.o
    0x0001d2d4   0x000001d8   Dbug   RW  2219     .debug_pubnames     ap_video_record.o
    0x0001d4ac   0x00000030   Dbug   RW  2226     .debug_pubnames     state_video_record.o
    0x0001d4dc   0x00000030   Dbug   RW  2229     .debug_pubnames     state_video_record.o
    0x0001d50c   0x0000007c   Dbug   RW  2232     .debug_pubnames     state_video_record.o
    0x0001d588   0x00000068   Dbug   RW  2236     .debug_pubnames     state_video_record.o
    0x0001d5f0   0x00000024   Dbug   RW  2347     .debug_pubnames     drv_l1_sensor.o
    0x0001d614   0x00000024   Dbug   RW  2350     .debug_pubnames     drv_l1_sensor.o
    0x0001d638   0x00000020   Dbug   RW  2353     .debug_pubnames     drv_l1_sensor.o
    0x0001d658   0x00000020   Dbug   RW  2356     .debug_pubnames     drv_l1_sensor.o
    0x0001d678   0x00000024   Dbug   RW  2359     .debug_pubnames     drv_l1_sensor.o
    0x0001d69c   0x00000020   Dbug   RW  2362     .debug_pubnames     drv_l1_sensor.o
    0x0001d6bc   0x00000020   Dbug   RW  2365     .debug_pubnames     drv_l1_sensor.o
    0x0001d6dc   0x00000030   Dbug   RW  2368     .debug_pubnames     drv_l1_sensor.o
    0x0001d70c   0x00000030   Dbug   RW  2371     .debug_pubnames     drv_l1_sensor.o
    0x0001d73c   0x00000030   Dbug   RW  2374     .debug_pubnames     drv_l1_sensor.o
    0x0001d76c   0x00000028   Dbug   RW  2377     .debug_pubnames     drv_l1_sensor.o
    0x0001d794   0x0000002c   Dbug   RW  2380     .debug_pubnames     drv_l1_sensor.o
    0x0001d7c0   0x0000002c   Dbug   RW  2383     .debug_pubnames     drv_l1_sensor.o
    0x0001d7ec   0x0000002c   Dbug   RW  2386     .debug_pubnames     drv_l1_sensor.o
    0x0001d818   0x00000150   Dbug   RW  2393     .debug_pubnames     drv_l1_sensor.o
    0x0001d968   0x0000002c   Dbug   RW  2413     .debug_pubnames     ap_display.o
    0x0001d994   0x00000030   Dbug   RW  2416     .debug_pubnames     ap_display.o
    0x0001d9c4   0x0000002c   Dbug   RW  2419     .debug_pubnames     ap_display.o
    0x0001d9f0   0x0000002c   Dbug   RW  2422     .debug_pubnames     ap_display.o
    0x0001da1c   0x0000002c   Dbug   RW  2425     .debug_pubnames     ap_display.o
    0x0001da48   0x00000030   Dbug   RW  2428     .debug_pubnames     ap_display.o
    0x0001da78   0x0000002c   Dbug   RW  2431     .debug_pubnames     ap_display.o
    0x0001daa4   0x00000030   Dbug   RW  2434     .debug_pubnames     ap_display.o
    0x0001dad4   0x00000038   Dbug   RW  2437     .debug_pubnames     ap_display.o
    0x0001db0c   0x0000002c   Dbug   RW  2440     .debug_pubnames     ap_display.o
    0x0001db38   0x00000028   Dbug   RW  2443     .debug_pubnames     ap_display.o
    0x0001db60   0x0000002c   Dbug   RW  2446     .debug_pubnames     ap_display.o
    0x0001db8c   0x0000002c   Dbug   RW  2449     .debug_pubnames     ap_display.o
    0x0001dbb8   0x00000030   Dbug   RW  2452     .debug_pubnames     ap_display.o
    0x0001dbe8   0x00000034   Dbug   RW  2455     .debug_pubnames     ap_display.o
    0x0001dc1c   0x0000002c   Dbug   RW  2458     .debug_pubnames     ap_display.o
    0x0001dc48   0x00000030   Dbug   RW  2461     .debug_pubnames     ap_display.o
    0x0001dc78   0x00000034   Dbug   RW  2464     .debug_pubnames     ap_display.o
    0x0001dcac   0x0000003c   Dbug   RW  2467     .debug_pubnames     ap_display.o
    0x0001dce8   0x00000030   Dbug   RW  2470     .debug_pubnames     ap_display.o
    0x0001dd18   0x00000034   Dbug   RW  2473     .debug_pubnames     ap_display.o
    0x0001dd4c   0x00000030   Dbug   RW  2476     .debug_pubnames     ap_display.o
    0x0001dd7c   0x00000038   Dbug   RW  2479     .debug_pubnames     ap_display.o
    0x0001ddb4   0x00000034   Dbug   RW  2482     .debug_pubnames     ap_display.o
    0x0001dde8   0x00000038   Dbug   RW  2485     .debug_pubnames     ap_display.o
    0x0001de20   0x00000034   Dbug   RW  2488     .debug_pubnames     ap_display.o
    0x0001de54   0x00000030   Dbug   RW  2491     .debug_pubnames     ap_display.o
    0x0001de84   0x00000034   Dbug   RW  2494     .debug_pubnames     ap_display.o
    0x0001deb8   0x00000038   Dbug   RW  2497     .debug_pubnames     ap_display.o
    0x0001def0   0x00000030   Dbug   RW  2500     .debug_pubnames     ap_display.o
    0x0001df20   0x00000030   Dbug   RW  2503     .debug_pubnames     ap_display.o
    0x0001df50   0x00000030   Dbug   RW  2506     .debug_pubnames     ap_display.o
    0x0001df80   0x00000030   Dbug   RW  2509     .debug_pubnames     ap_display.o
    0x0001dfb0   0x00000030   Dbug   RW  2512     .debug_pubnames     ap_display.o
    0x0001dfe0   0x00000034   Dbug   RW  2515     .debug_pubnames     ap_display.o
    0x0001e014   0x00000028   Dbug   RW  2518     .debug_pubnames     ap_display.o
    0x0001e03c   0x00000034   Dbug   RW  2521     .debug_pubnames     ap_display.o
    0x0001e070   0x0000003c   Dbug   RW  2524     .debug_pubnames     ap_display.o
    0x0001e0ac   0x00000030   Dbug   RW  2527     .debug_pubnames     ap_display.o
    0x0001e0dc   0x00000030   Dbug   RW  2530     .debug_pubnames     ap_display.o
    0x0001e10c   0x00000034   Dbug   RW  2533     .debug_pubnames     ap_display.o
    0x0001e140   0x0000003c   Dbug   RW  2536     .debug_pubnames     ap_display.o
    0x0001e17c   0x0000003c   Dbug   RW  2539     .debug_pubnames     ap_display.o
    0x0001e1b8   0x00000040   Dbug   RW  2542     .debug_pubnames     ap_display.o
    0x0001e1f8   0x00000034   Dbug   RW  2545     .debug_pubnames     ap_display.o
    0x0001e22c   0x00000200   Dbug   RW  2548     .debug_pubnames     ap_display.o
    0x0001e42c   0x000005d8   Dbug   RW  2552     .debug_pubnames     ap_display.o
    0x0001ea04   0x00000f1c   Dbug   RW  2556     .debug_pubnames     ap_display.o
    0x0001f920   0x00000218   Dbug   RW  2563     .debug_pubnames     ap_display.o
    0x0001fb38   0x00000e98   Dbug   RW  2570     .debug_pubnames     task_display.o
    0x000209d0   0x00000038   Dbug   RW  2575     .debug_pubnames     ap_state_config.o
    0x00020a08   0x00000038   Dbug   RW  2578     .debug_pubnames     ap_state_config.o
    0x00020a40   0x00000034   Dbug   RW  2581     .debug_pubnames     ap_state_config.o
    0x00020a74   0x00000034   Dbug   RW  2584     .debug_pubnames     ap_state_config.o
    0x00020aa8   0x00000034   Dbug   RW  2587     .debug_pubnames     ap_state_config.o
    0x00020adc   0x00000038   Dbug   RW  2590     .debug_pubnames     ap_state_config.o
    0x00020b14   0x00000038   Dbug   RW  2593     .debug_pubnames     ap_state_config.o
    0x00020b4c   0x00000040   Dbug   RW  2596     .debug_pubnames     ap_state_config.o
    0x00020b8c   0x00000040   Dbug   RW  2599     .debug_pubnames     ap_state_config.o
    0x00020bcc   0x00000038   Dbug   RW  2602     .debug_pubnames     ap_state_config.o
    0x00020c04   0x00000038   Dbug   RW  2605     .debug_pubnames     ap_state_config.o
    0x00020c3c   0x00000030   Dbug   RW  2608     .debug_pubnames     ap_state_config.o
    0x00020c6c   0x00000030   Dbug   RW  2611     .debug_pubnames     ap_state_config.o
    0x00020c9c   0x00000030   Dbug   RW  2614     .debug_pubnames     ap_state_config.o
    0x00020ccc   0x00000030   Dbug   RW  2617     .debug_pubnames     ap_state_config.o
    0x00020cfc   0x00000030   Dbug   RW  2620     .debug_pubnames     ap_state_config.o
    0x00020d2c   0x00000030   Dbug   RW  2623     .debug_pubnames     ap_state_config.o
    0x00020d5c   0x0000003c   Dbug   RW  2626     .debug_pubnames     ap_state_config.o
    0x00020d98   0x0000003c   Dbug   RW  2629     .debug_pubnames     ap_state_config.o
    0x00020dd4   0x00000040   Dbug   RW  2632     .debug_pubnames     ap_state_config.o
    0x00020e14   0x00000040   Dbug   RW  2635     .debug_pubnames     ap_state_config.o
    0x00020e54   0x00000030   Dbug   RW  2638     .debug_pubnames     ap_state_config.o
    0x00020e84   0x0000002c   Dbug   RW  2641     .debug_pubnames     ap_state_config.o
    0x00020eb0   0x00000038   Dbug   RW  2644     .debug_pubnames     ap_state_config.o
    0x00020ee8   0x00000020   Dbug   RW  2647     .debug_pubnames     ap_state_config.o
    0x00020f08   0x0000002c   Dbug   RW  2650     .debug_pubnames     ap_state_config.o
    0x00020f34   0x00000038   Dbug   RW  2653     .debug_pubnames     ap_state_config.o
    0x00020f6c   0x00000038   Dbug   RW  2656     .debug_pubnames     ap_state_config.o
    0x00020fa4   0x00000038   Dbug   RW  2659     .debug_pubnames     ap_state_config.o
    0x00020fdc   0x00000038   Dbug   RW  2662     .debug_pubnames     ap_state_config.o
    0x00021014   0x00000030   Dbug   RW  2665     .debug_pubnames     ap_state_config.o
    0x00021044   0x00000030   Dbug   RW  2668     .debug_pubnames     ap_state_config.o
    0x00021074   0x00000034   Dbug   RW  2671     .debug_pubnames     ap_state_config.o
    0x000210a8   0x00000034   Dbug   RW  2674     .debug_pubnames     ap_state_config.o
    0x000210dc   0x00000040   Dbug   RW  2677     .debug_pubnames     ap_state_config.o
    0x0002111c   0x00000040   Dbug   RW  2680     .debug_pubnames     ap_state_config.o
    0x0002115c   0x00000030   Dbug   RW  2683     .debug_pubnames     ap_state_config.o
    0x0002118c   0x00000034   Dbug   RW  2686     .debug_pubnames     ap_state_config.o
    0x000211c0   0x00000034   Dbug   RW  2689     .debug_pubnames     ap_state_config.o
    0x000211f4   0x00000038   Dbug   RW  2692     .debug_pubnames     ap_state_config.o
    0x0002122c   0x00000038   Dbug   RW  2695     .debug_pubnames     ap_state_config.o
    0x00021264   0x00000030   Dbug   RW  2698     .debug_pubnames     ap_state_config.o
    0x00021294   0x00000030   Dbug   RW  2701     .debug_pubnames     ap_state_config.o
    0x000212c4   0x00000030   Dbug   RW  2704     .debug_pubnames     ap_state_config.o
    0x000212f4   0x00000030   Dbug   RW  2707     .debug_pubnames     ap_state_config.o
    0x00021324   0x00000038   Dbug   RW  2710     .debug_pubnames     ap_state_config.o
    0x0002135c   0x00000038   Dbug   RW  2713     .debug_pubnames     ap_state_config.o
    0x00021394   0x00000034   Dbug   RW  2716     .debug_pubnames     ap_state_config.o
    0x000213c8   0x00000034   Dbug   RW  2719     .debug_pubnames     ap_state_config.o
    0x000213fc   0x00000034   Dbug   RW  2722     .debug_pubnames     ap_state_config.o
    0x00021430   0x00000034   Dbug   RW  2725     .debug_pubnames     ap_state_config.o
    0x00021464   0x0000003c   Dbug   RW  2728     .debug_pubnames     ap_state_config.o
    0x000214a0   0x0000003c   Dbug   RW  2731     .debug_pubnames     ap_state_config.o
    0x000214dc   0x00000034   Dbug   RW  2734     .debug_pubnames     ap_state_config.o
    0x00021510   0x00000034   Dbug   RW  2737     .debug_pubnames     ap_state_config.o
    0x00021544   0x0000003c   Dbug   RW  2740     .debug_pubnames     ap_state_config.o
    0x00021580   0x0000003c   Dbug   RW  2743     .debug_pubnames     ap_state_config.o
    0x000215bc   0x0000003c   Dbug   RW  2746     .debug_pubnames     ap_state_config.o
    0x000215f8   0x0000003c   Dbug   RW  2749     .debug_pubnames     ap_state_config.o
    0x00021634   0x00000034   Dbug   RW  2752     .debug_pubnames     ap_state_config.o
    0x00021668   0x00000034   Dbug   RW  2755     .debug_pubnames     ap_state_config.o
    0x0002169c   0x00000038   Dbug   RW  2758     .debug_pubnames     ap_state_config.o
    0x000216d4   0x00000038   Dbug   RW  2761     .debug_pubnames     ap_state_config.o
    0x0002170c   0x00000034   Dbug   RW  2764     .debug_pubnames     ap_state_config.o
    0x00021740   0x00000034   Dbug   RW  2767     .debug_pubnames     ap_state_config.o
    0x00021774   0x00000034   Dbug   RW  2770     .debug_pubnames     ap_state_config.o
    0x000217a8   0x00000034   Dbug   RW  2773     .debug_pubnames     ap_state_config.o
    0x000217dc   0x00000034   Dbug   RW  2776     .debug_pubnames     ap_state_config.o
    0x00021810   0x00000034   Dbug   RW  2779     .debug_pubnames     ap_state_config.o
    0x00021844   0x00000034   Dbug   RW  2782     .debug_pubnames     ap_state_config.o
    0x00021878   0x00000034   Dbug   RW  2785     .debug_pubnames     ap_state_config.o
    0x000218ac   0x00000038   Dbug   RW  2788     .debug_pubnames     ap_state_config.o
    0x000218e4   0x00000038   Dbug   RW  2791     .debug_pubnames     ap_state_config.o
    0x0002191c   0x00000034   Dbug   RW  2794     .debug_pubnames     ap_state_config.o
    0x00021950   0x00000038   Dbug   RW  2797     .debug_pubnames     ap_state_config.o
    0x00021988   0x0000002c   Dbug   RW  2800     .debug_pubnames     ap_state_config.o
    0x000219b4   0x0000002c   Dbug   RW  2803     .debug_pubnames     ap_state_config.o
    0x000219e0   0x00000034   Dbug   RW  2806     .debug_pubnames     ap_state_config.o
    0x00021a14   0x00000034   Dbug   RW  2809     .debug_pubnames     ap_state_config.o
    0x00021a48   0x00000038   Dbug   RW  2812     .debug_pubnames     ap_state_config.o
    0x00021a80   0x00000038   Dbug   RW  2815     .debug_pubnames     ap_state_config.o
    0x00021ab8   0x00000034   Dbug   RW  2818     .debug_pubnames     ap_state_config.o
    0x00021aec   0x00000034   Dbug   RW  2821     .debug_pubnames     ap_state_config.o
    0x00021b20   0x00000024   Dbug   RW  2824     .debug_pubnames     ap_state_config.o
    0x00021b44   0x00000054   Dbug   RW  2827     .debug_pubnames     ap_state_config.o
    0x00021b98   0x00000b80   Dbug   RW  2831     .debug_pubnames     ap_state_config.o
    0x00022718   0x00000044   Dbug   RW  2852     .debug_pubnames     ap_state_resource.o
    0x0002275c   0x00000044   Dbug   RW  2855     .debug_pubnames     ap_state_resource.o
    0x000227a0   0x00000024   Dbug   RW  2858     .debug_pubnames     ap_state_resource.o
    0x000227c4   0x00000044   Dbug   RW  2861     .debug_pubnames     ap_state_resource.o
    0x00022808   0x00000044   Dbug   RW  2864     .debug_pubnames     ap_state_resource.o
    0x0002284c   0x00000040   Dbug   RW  2867     .debug_pubnames     ap_state_resource.o
    0x0002288c   0x00000034   Dbug   RW  2870     .debug_pubnames     ap_state_resource.o
    0x000228c0   0x0000003c   Dbug   RW  2873     .debug_pubnames     ap_state_resource.o
    0x000228fc   0x0000003c   Dbug   RW  2876     .debug_pubnames     ap_state_resource.o
    0x00022938   0x0000003c   Dbug   RW  2879     .debug_pubnames     ap_state_resource.o
    0x00022974   0x00000228   Dbug   RW  2882     .debug_pubnames     ap_state_resource.o
    0x00022b9c   0x00000278   Dbug   RW  2886     .debug_pubnames     ap_state_resource.o
    0x00022e14   0x00000f1c   Dbug   RW  2902     .debug_pubnames     video_decoder_app.o
    0x00023d30   0x00000020   Dbug   RW  2965     .debug_pubnames     drv_l1_dac.o
    0x00023d50   0x00000020   Dbug   RW  2971     .debug_pubnames     drv_l1_dac.o
    0x00023d70   0x00000024   Dbug   RW  2988     .debug_pubnames     ap_state_firmware_upgrade.o
    0x00023d94   0x00000024   Dbug   RW  2991     .debug_pubnames     ap_state_firmware_upgrade.o
    0x00023db8   0x00000020   Dbug   RW  2994     .debug_pubnames     ap_state_firmware_upgrade.o
    0x00023dd8   0x00000024   Dbug   RW  2997     .debug_pubnames     ap_state_firmware_upgrade.o
    0x00023dfc   0x00000028   Dbug   RW  3000     .debug_pubnames     ap_state_firmware_upgrade.o
    0x00023e24   0x00000024   Dbug   RW  3003     .debug_pubnames     ap_state_firmware_upgrade.o
    0x00023e48   0x0000002c   Dbug   RW  3006     .debug_pubnames     ap_state_firmware_upgrade.o
    0x00023e74   0x00000028   Dbug   RW  3009     .debug_pubnames     ap_state_firmware_upgrade.o
    0x00023e9c   0x0000008c   Dbug   RW  3013     .debug_pubnames     ap_state_firmware_upgrade.o
    0x00023f28   0x00000090   Dbug   RW  3018     .debug_pubnames     ap_state_firmware_upgrade.o
    0x00023fb8   0x00000368   Dbug   RW  3020     .debug_pubnames     ap_state_firmware_upgrade.o
    0x00024320   0x000000f8   Dbug   RW  3024     .debug_pubnames     ap_state_firmware_upgrade.o
    0x00024418   0x0000007c   Dbug   RW  3028     .debug_pubnames     ap_state_firmware_upgrade.o
    0x00024494   0x00001304   Dbug   RW  3040     .debug_pubnames     ap_state_firmware_upgrade.o
    0x00025798   0x00000344   Dbug   RW  3046     .debug_pubnames     ap_state_firmware_upgrade.o
    0x00025adc   0x000014d4   Dbug   RW  3048     .debug_pubnames     ap_state_firmware_upgrade.o
    0x00026fb0   0x00000218   Dbug   RW  3050     .debug_pubnames     ap_state_firmware_upgrade.o
    0x000271c8   0x0000006c   Dbug   RW  3055     .debug_pubnames     ap_state_firmware_upgrade.o
    0x00027234   0x000000dc   Dbug   RW  3059     .debug_pubnames     ap_state_firmware_upgrade.o
    0x00027310   0x00000118   Dbug   RW  3078     .debug_pubnames     drv_l2_usbd_descriptor_tbl.o
    0x00027428   0x00000114   Dbug   RW  3093     .debug_pubnames     drv_l2_usbd_uvc_descriptor_tbl.o
    0x0002753c   0x00000024   Dbug   RW  3105     .debug_pubnames     ap_usb.o
    0x00027560   0x00000030   Dbug   RW  3108     .debug_pubnames     ap_usb.o
    0x00027590   0x00000030   Dbug   RW  3111     .debug_pubnames     ap_usb.o
    0x000275c0   0x00000030   Dbug   RW  3114     .debug_pubnames     ap_usb.o
    0x000275f0   0x0000002c   Dbug   RW  3117     .debug_pubnames     ap_usb.o
    0x0002761c   0x0000002c   Dbug   RW  3120     .debug_pubnames     ap_usb.o
    0x00027648   0x0000002c   Dbug   RW  3123     .debug_pubnames     ap_usb.o
    0x00027674   0x00000030   Dbug   RW  3126     .debug_pubnames     ap_usb.o
    0x000276a4   0x0000002c   Dbug   RW  3129     .debug_pubnames     ap_usb.o
    0x000276d0   0x00000030   Dbug   RW  3132     .debug_pubnames     ap_usb.o
    0x00027700   0x00000030   Dbug   RW  3135     .debug_pubnames     ap_usb.o
    0x00027730   0x00000028   Dbug   RW  3138     .debug_pubnames     ap_usb.o
    0x00027758   0x00000028   Dbug   RW  3141     .debug_pubnames     ap_usb.o
    0x00027780   0x00000024   Dbug   RW  3144     .debug_pubnames     ap_usb.o
    0x000277a4   0x00000020   Dbug   RW  3147     .debug_pubnames     ap_usb.o
    0x000277c4   0x00000024   Dbug   RW  3150     .debug_pubnames     ap_usb.o
    0x000277e8   0x00000024   Dbug   RW  3153     .debug_pubnames     ap_usb.o
    0x0002780c   0x00000020   Dbug   RW  3156     .debug_pubnames     ap_usb.o
    0x0002782c   0x00000028   Dbug   RW  3159     .debug_pubnames     ap_usb.o
    0x00027854   0x00000030   Dbug   RW  3162     .debug_pubnames     ap_usb.o
    0x00027884   0x00000030   Dbug   RW  3165     .debug_pubnames     ap_usb.o
    0x000278b4   0x00000028   Dbug   RW  3168     .debug_pubnames     ap_usb.o
    0x000278dc   0x0000034c   Dbug   RW  3171     .debug_pubnames     ap_usb.o
    0x00027c28   0x00000214   Dbug   RW  3175     .debug_pubnames     ap_usb.o
    0x00027e3c   0x00000084   Dbug   RW  3180     .debug_pubnames     ap_usb.o
    0x00027ec0   0x00000344   Dbug   RW  3183     .debug_pubnames     ap_usb.o
    0x00028204   0x000014d4   Dbug   RW  3185     .debug_pubnames     ap_usb.o
    0x000296d8   0x00000218   Dbug   RW  3193     .debug_pubnames     ap_usb.o
    0x000298f0   0x000001fc   Dbug   RW  3195     .debug_pubnames     ap_usb.o
    0x00029aec   0x00000020   Dbug   RW  3313     .debug_pubnames     my_video_codec_callback.o
    0x00029b0c   0x0000002c   Dbug   RW  3316     .debug_pubnames     my_video_codec_callback.o
    0x00029b38   0x00000030   Dbug   RW  3319     .debug_pubnames     my_video_codec_callback.o
    0x00029b68   0x00000034   Dbug   RW  3322     .debug_pubnames     my_video_codec_callback.o
    0x00029b9c   0x00000034   Dbug   RW  3325     .debug_pubnames     my_video_codec_callback.o
    0x00029bd0   0x00000030   Dbug   RW  3328     .debug_pubnames     my_video_codec_callback.o
    0x00029c00   0x0000002c   Dbug   RW  3331     .debug_pubnames     my_video_codec_callback.o
    0x00029c2c   0x00000030   Dbug   RW  3334     .debug_pubnames     my_video_codec_callback.o
    0x00029c5c   0x0000002c   Dbug   RW  3337     .debug_pubnames     my_video_codec_callback.o
    0x00029c88   0x00000030   Dbug   RW  3340     .debug_pubnames     my_video_codec_callback.o
    0x00029cb8   0x00000028   Dbug   RW  3343     .debug_pubnames     my_video_codec_callback.o
    0x00029ce0   0x00000030   Dbug   RW  3346     .debug_pubnames     my_video_codec_callback.o
    0x00029d10   0x00000034   Dbug   RW  3349     .debug_pubnames     my_video_codec_callback.o
    0x00029d44   0x00000034   Dbug   RW  3352     .debug_pubnames     my_video_codec_callback.o
    0x00029d78   0x0000002c   Dbug   RW  3355     .debug_pubnames     my_video_codec_callback.o
    0x00029da4   0x000003dc   Dbug   RW  3358     .debug_pubnames     my_video_codec_callback.o
    0x0002a180   0x000002d0   Dbug   RW  3362     .debug_pubnames     my_video_codec_callback.o
    0x0002a450   0x000014d4   Dbug   RW  3366     .debug_pubnames     my_video_codec_callback.o
    0x0002b924   0x00000024   Dbug   RW  3381     .debug_pubnames     drv_l2_spifc.o
    0x0002b948   0x0000002c   Dbug   RW  3384     .debug_pubnames     drv_l2_spifc.o
    0x0002b974   0x0000002c   Dbug   RW  3387     .debug_pubnames     drv_l2_spifc.o
    0x0002b9a0   0x0000002c   Dbug   RW  3390     .debug_pubnames     drv_l2_spifc.o
    0x0002b9cc   0x00000028   Dbug   RW  3393     .debug_pubnames     drv_l2_spifc.o
    0x0002b9f4   0x00000024   Dbug   RW  3396     .debug_pubnames     drv_l2_spifc.o
    0x0002ba18   0x00000024   Dbug   RW  3399     .debug_pubnames     drv_l2_spifc.o
    0x0002ba3c   0x00000024   Dbug   RW  3402     .debug_pubnames     drv_l2_spifc.o
    0x0002ba60   0x00000024   Dbug   RW  3405     .debug_pubnames     drv_l2_spifc.o
    0x0002ba84   0x0000002c   Dbug   RW  3408     .debug_pubnames     drv_l2_spifc.o
    0x0002bab0   0x00000024   Dbug   RW  3411     .debug_pubnames     drv_l2_spifc.o
    0x0002bad4   0x00000028   Dbug   RW  3414     .debug_pubnames     drv_l2_spifc.o
    0x0002bafc   0x00000100   Dbug   RW  3418     .debug_pubnames     drv_l2_spifc.o
    0x0002bbfc   0x00000024   Dbug   RW  3428     .debug_pubnames     drv_l1_spifc.o
    0x0002bc20   0x00000028   Dbug   RW  3431     .debug_pubnames     drv_l1_spifc.o
    0x0002bc48   0x00000030   Dbug   RW  3434     .debug_pubnames     drv_l1_spifc.o
    0x0002bc78   0x00000030   Dbug   RW  3437     .debug_pubnames     drv_l1_spifc.o
    0x0002bca8   0x00000030   Dbug   RW  3440     .debug_pubnames     drv_l1_spifc.o
    0x0002bcd8   0x0000002c   Dbug   RW  3443     .debug_pubnames     drv_l1_spifc.o
    0x0002bd04   0x00000030   Dbug   RW  3446     .debug_pubnames     drv_l1_spifc.o
    0x0002bd34   0x0000002c   Dbug   RW  3449     .debug_pubnames     drv_l1_spifc.o
    0x0002bd60   0x00000024   Dbug   RW  3452     .debug_pubnames     drv_l1_spifc.o
    0x0002bd84   0x00000028   Dbug   RW  3455     .debug_pubnames     drv_l1_spifc.o
    0x0002bdac   0x00000020   Dbug   RW  3458     .debug_pubnames     drv_l1_spifc.o
    0x0002bdcc   0x000000fc   Dbug   RW  3462     .debug_pubnames     drv_l1_spifc.o
    0x0002bec8   0x00000024   Dbug   RW  3468     .debug_pubnames     spi_flash_mxic.o
    0x0002beec   0x00000020   Dbug   RW  3471     .debug_pubnames     spi_flash_mxic.o
    0x0002bf0c   0x00000028   Dbug   RW  3474     .debug_pubnames     spi_flash_mxic.o
    0x0002bf34   0x00000028   Dbug   RW  3477     .debug_pubnames     spi_flash_mxic.o
    0x0002bf5c   0x0000002c   Dbug   RW  3480     .debug_pubnames     spi_flash_mxic.o
    0x0002bf88   0x00000024   Dbug   RW  3483     .debug_pubnames     spi_flash_mxic.o
    0x0002bfac   0x00000024   Dbug   RW  3486     .debug_pubnames     spi_flash_mxic.o
    0x0002bfd0   0x0000002c   Dbug   RW  3489     .debug_pubnames     spi_flash_mxic.o
    0x0002bffc   0x00000098   Dbug   RW  3495     .debug_pubnames     spi_flash_mxic.o
    0x0002c094   0x00000024   Dbug   RW  3508     .debug_pubnames     drv_l2_sensor.o
    0x0002c0b8   0x00000030   Dbug   RW  3511     .debug_pubnames     drv_l2_sensor.o
    0x0002c0e8   0x00000028   Dbug   RW  3514     .debug_pubnames     drv_l2_sensor.o
    0x0002c110   0x00000028   Dbug   RW  3517     .debug_pubnames     drv_l2_sensor.o
    0x0002c138   0x00000024   Dbug   RW  3520     .debug_pubnames     drv_l2_sensor.o
    0x0002c15c   0x00000094   Dbug   RW  3523     .debug_pubnames     drv_l2_sensor.o
    0x0002c1f0   0x000000b4   Dbug   RW  3527     .debug_pubnames     drv_l2_sensor.o
    0x0002c2a4   0x0000002c   Dbug   RW  3534     .debug_pubnames     drv_l1_cdsp.o
    0x0002c2d0   0x00000028   Dbug   RW  3537     .debug_pubnames     drv_l1_cdsp.o
    0x0002c2f8   0x00000028   Dbug   RW  3540     .debug_pubnames     drv_l1_cdsp.o
    0x0002c320   0x00000028   Dbug   RW  3543     .debug_pubnames     drv_l1_cdsp.o
    0x0002c348   0x00000034   Dbug   RW  3546     .debug_pubnames     drv_l1_cdsp.o
    0x0002c37c   0x00000034   Dbug   RW  3549     .debug_pubnames     drv_l1_cdsp.o
    0x0002c3b0   0x0000002c   Dbug   RW  3552     .debug_pubnames     drv_l1_cdsp.o
    0x0002c3dc   0x0000002c   Dbug   RW  3555     .debug_pubnames     drv_l1_cdsp.o
    0x0002c408   0x0000002c   Dbug   RW  3558     .debug_pubnames     drv_l1_cdsp.o
    0x0002c434   0x00000034   Dbug   RW  3561     .debug_pubnames     drv_l1_cdsp.o
    0x0002c468   0x00000024   Dbug   RW  3564     .debug_pubnames     drv_l1_cdsp.o
    0x0002c48c   0x00000030   Dbug   RW  3567     .debug_pubnames     drv_l1_cdsp.o
    0x0002c4bc   0x0000002c   Dbug   RW  3570     .debug_pubnames     drv_l1_cdsp.o
    0x0002c4e8   0x00000028   Dbug   RW  3573     .debug_pubnames     drv_l1_cdsp.o
    0x0002c510   0x0000002c   Dbug   RW  3576     .debug_pubnames     drv_l1_cdsp.o
    0x0002c53c   0x00000028   Dbug   RW  3579     .debug_pubnames     drv_l1_cdsp.o
    0x0002c564   0x0000002c   Dbug   RW  3582     .debug_pubnames     drv_l1_cdsp.o
    0x0002c590   0x00000030   Dbug   RW  3585     .debug_pubnames     drv_l1_cdsp.o
    0x0002c5c0   0x0000002c   Dbug   RW  3588     .debug_pubnames     drv_l1_cdsp.o
    0x0002c5ec   0x00000028   Dbug   RW  3591     .debug_pubnames     drv_l1_cdsp.o
    0x0002c614   0x00000030   Dbug   RW  3594     .debug_pubnames     drv_l1_cdsp.o
    0x0002c644   0x00000028   Dbug   RW  3597     .debug_pubnames     drv_l1_cdsp.o
    0x0002c66c   0x00000028   Dbug   RW  3600     .debug_pubnames     drv_l1_cdsp.o
    0x0002c694   0x0000002c   Dbug   RW  3603     .debug_pubnames     drv_l1_cdsp.o
    0x0002c6c0   0x0000002c   Dbug   RW  3606     .debug_pubnames     drv_l1_cdsp.o
    0x0002c6ec   0x0000002c   Dbug   RW  3609     .debug_pubnames     drv_l1_cdsp.o
    0x0002c718   0x0000002c   Dbug   RW  3612     .debug_pubnames     drv_l1_cdsp.o
    0x0002c744   0x0000002c   Dbug   RW  3615     .debug_pubnames     drv_l1_cdsp.o
    0x0002c770   0x0000002c   Dbug   RW  3618     .debug_pubnames     drv_l1_cdsp.o
    0x0002c79c   0x00000028   Dbug   RW  3621     .debug_pubnames     drv_l1_cdsp.o
    0x0002c7c4   0x0000002c   Dbug   RW  3624     .debug_pubnames     drv_l1_cdsp.o
    0x0002c7f0   0x00000028   Dbug   RW  3627     .debug_pubnames     drv_l1_cdsp.o
    0x0002c818   0x00000028   Dbug   RW  3630     .debug_pubnames     drv_l1_cdsp.o
    0x0002c840   0x0000002c   Dbug   RW  3633     .debug_pubnames     drv_l1_cdsp.o
    0x0002c86c   0x00000030   Dbug   RW  3636     .debug_pubnames     drv_l1_cdsp.o
    0x0002c89c   0x00000030   Dbug   RW  3639     .debug_pubnames     drv_l1_cdsp.o
    0x0002c8cc   0x00000028   Dbug   RW  3642     .debug_pubnames     drv_l1_cdsp.o
    0x0002c8f4   0x0000002c   Dbug   RW  3645     .debug_pubnames     drv_l1_cdsp.o
    0x0002c920   0x00000028   Dbug   RW  3648     .debug_pubnames     drv_l1_cdsp.o
    0x0002c948   0x00000028   Dbug   RW  3651     .debug_pubnames     drv_l1_cdsp.o
    0x0002c970   0x0000002c   Dbug   RW  3654     .debug_pubnames     drv_l1_cdsp.o
    0x0002c99c   0x0000002c   Dbug   RW  3657     .debug_pubnames     drv_l1_cdsp.o
    0x0002c9c8   0x00000028   Dbug   RW  3660     .debug_pubnames     drv_l1_cdsp.o
    0x0002c9f0   0x00000028   Dbug   RW  3663     .debug_pubnames     drv_l1_cdsp.o
    0x0002ca18   0x0000002c   Dbug   RW  3666     .debug_pubnames     drv_l1_cdsp.o
    0x0002ca44   0x0000002c   Dbug   RW  3669     .debug_pubnames     drv_l1_cdsp.o
    0x0002ca70   0x00000024   Dbug   RW  3672     .debug_pubnames     drv_l1_cdsp.o
    0x0002ca94   0x0000002c   Dbug   RW  3675     .debug_pubnames     drv_l1_cdsp.o
    0x0002cac0   0x0000002c   Dbug   RW  3678     .debug_pubnames     drv_l1_cdsp.o
    0x0002caec   0x00000028   Dbug   RW  3681     .debug_pubnames     drv_l1_cdsp.o
    0x0002cb14   0x00000028   Dbug   RW  3684     .debug_pubnames     drv_l1_cdsp.o
    0x0002cb3c   0x00000020   Dbug   RW  3687     .debug_pubnames     drv_l1_cdsp.o
    0x0002cb5c   0x00000020   Dbug   RW  3690     .debug_pubnames     drv_l1_cdsp.o
    0x0002cb7c   0x00000020   Dbug   RW  3693     .debug_pubnames     drv_l1_cdsp.o
    0x0002cb9c   0x00000020   Dbug   RW  3696     .debug_pubnames     drv_l1_cdsp.o
    0x0002cbbc   0x00000034   Dbug   RW  3699     .debug_pubnames     drv_l1_cdsp.o
    0x0002cbf0   0x00000024   Dbug   RW  3702     .debug_pubnames     drv_l1_cdsp.o
    0x0002cc14   0x00000024   Dbug   RW  3705     .debug_pubnames     drv_l1_cdsp.o
    0x0002cc38   0x00000024   Dbug   RW  3708     .debug_pubnames     drv_l1_cdsp.o
    0x0002cc5c   0x00000030   Dbug   RW  3711     .debug_pubnames     drv_l1_cdsp.o
    0x0002cc8c   0x0000002c   Dbug   RW  3714     .debug_pubnames     drv_l1_cdsp.o
    0x0002ccb8   0x0000002c   Dbug   RW  3717     .debug_pubnames     drv_l1_cdsp.o
    0x0002cce4   0x0000002c   Dbug   RW  3720     .debug_pubnames     drv_l1_cdsp.o
    0x0002cd10   0x0000002c   Dbug   RW  3723     .debug_pubnames     drv_l1_cdsp.o
    0x0002cd3c   0x00000028   Dbug   RW  3726     .debug_pubnames     drv_l1_cdsp.o
    0x0002cd64   0x00000028   Dbug   RW  3729     .debug_pubnames     drv_l1_cdsp.o
    0x0002cd8c   0x0000002c   Dbug   RW  3732     .debug_pubnames     drv_l1_cdsp.o
    0x0002cdb8   0x0000002c   Dbug   RW  3735     .debug_pubnames     drv_l1_cdsp.o
    0x0002cde4   0x0000002c   Dbug   RW  3738     .debug_pubnames     drv_l1_cdsp.o
    0x0002ce10   0x0000002c   Dbug   RW  3741     .debug_pubnames     drv_l1_cdsp.o
    0x0002ce3c   0x0000002c   Dbug   RW  3744     .debug_pubnames     drv_l1_cdsp.o
    0x0002ce68   0x00000028   Dbug   RW  3747     .debug_pubnames     drv_l1_cdsp.o
    0x0002ce90   0x0000002c   Dbug   RW  3750     .debug_pubnames     drv_l1_cdsp.o
    0x0002cebc   0x00000030   Dbug   RW  3753     .debug_pubnames     drv_l1_cdsp.o
    0x0002ceec   0x00000028   Dbug   RW  3756     .debug_pubnames     drv_l1_cdsp.o
    0x0002cf14   0x0000002c   Dbug   RW  3759     .debug_pubnames     drv_l1_cdsp.o
    0x0002cf40   0x0000002c   Dbug   RW  3762     .debug_pubnames     drv_l1_cdsp.o
    0x0002cf6c   0x0000002c   Dbug   RW  3765     .debug_pubnames     drv_l1_cdsp.o
    0x0002cf98   0x0000002c   Dbug   RW  3768     .debug_pubnames     drv_l1_cdsp.o
    0x0002cfc4   0x00000028   Dbug   RW  3771     .debug_pubnames     drv_l1_cdsp.o
    0x0002cfec   0x0000002c   Dbug   RW  3774     .debug_pubnames     drv_l1_cdsp.o
    0x0002d018   0x0000002c   Dbug   RW  3777     .debug_pubnames     drv_l1_cdsp.o
    0x0002d044   0x00000030   Dbug   RW  3780     .debug_pubnames     drv_l1_cdsp.o
    0x0002d074   0x00000030   Dbug   RW  3783     .debug_pubnames     drv_l1_cdsp.o
    0x0002d0a4   0x0000002c   Dbug   RW  3786     .debug_pubnames     drv_l1_cdsp.o
    0x0002d0d0   0x00000030   Dbug   RW  3789     .debug_pubnames     drv_l1_cdsp.o
    0x0002d100   0x0000002c   Dbug   RW  3792     .debug_pubnames     drv_l1_cdsp.o
    0x0002d12c   0x0000002c   Dbug   RW  3795     .debug_pubnames     drv_l1_cdsp.o
    0x0002d158   0x00000030   Dbug   RW  3798     .debug_pubnames     drv_l1_cdsp.o
    0x0002d188   0x0000002c   Dbug   RW  3801     .debug_pubnames     drv_l1_cdsp.o
    0x0002d1b4   0x0000002c   Dbug   RW  3804     .debug_pubnames     drv_l1_cdsp.o
    0x0002d1e0   0x0000002c   Dbug   RW  3807     .debug_pubnames     drv_l1_cdsp.o
    0x0002d20c   0x00000030   Dbug   RW  3810     .debug_pubnames     drv_l1_cdsp.o
    0x0002d23c   0x00000034   Dbug   RW  3813     .debug_pubnames     drv_l1_cdsp.o
    0x0002d270   0x00000030   Dbug   RW  3816     .debug_pubnames     drv_l1_cdsp.o
    0x0002d2a0   0x0000002c   Dbug   RW  3819     .debug_pubnames     drv_l1_cdsp.o
    0x0002d2cc   0x00000030   Dbug   RW  3822     .debug_pubnames     drv_l1_cdsp.o
    0x0002d2fc   0x0000002c   Dbug   RW  3825     .debug_pubnames     drv_l1_cdsp.o
    0x0002d328   0x0000002c   Dbug   RW  3828     .debug_pubnames     drv_l1_cdsp.o
    0x0002d354   0x0000002c   Dbug   RW  3831     .debug_pubnames     drv_l1_cdsp.o
    0x0002d380   0x00000030   Dbug   RW  3834     .debug_pubnames     drv_l1_cdsp.o
    0x0002d3b0   0x0000002c   Dbug   RW  3837     .debug_pubnames     drv_l1_cdsp.o
    0x0002d3dc   0x00000028   Dbug   RW  3840     .debug_pubnames     drv_l1_cdsp.o
    0x0002d404   0x00000028   Dbug   RW  3843     .debug_pubnames     drv_l1_cdsp.o
    0x0002d42c   0x00000028   Dbug   RW  3846     .debug_pubnames     drv_l1_cdsp.o
    0x0002d454   0x00000028   Dbug   RW  3849     .debug_pubnames     drv_l1_cdsp.o
    0x0002d47c   0x0000002c   Dbug   RW  3852     .debug_pubnames     drv_l1_cdsp.o
    0x0002d4a8   0x00000034   Dbug   RW  3855     .debug_pubnames     drv_l1_cdsp.o
    0x0002d4dc   0x00000028   Dbug   RW  3858     .debug_pubnames     drv_l1_cdsp.o
    0x0002d504   0x0000002c   Dbug   RW  3861     .debug_pubnames     drv_l1_cdsp.o
    0x0002d530   0x0000002c   Dbug   RW  3864     .debug_pubnames     drv_l1_cdsp.o
    0x0002d55c   0x00000030   Dbug   RW  3867     .debug_pubnames     drv_l1_cdsp.o
    0x0002d58c   0x00000034   Dbug   RW  3870     .debug_pubnames     drv_l1_cdsp.o
    0x0002d5c0   0x00000030   Dbug   RW  3873     .debug_pubnames     drv_l1_cdsp.o
    0x0002d5f0   0x00000030   Dbug   RW  3876     .debug_pubnames     drv_l1_cdsp.o
    0x0002d620   0x00000028   Dbug   RW  3879     .debug_pubnames     drv_l1_cdsp.o
    0x0002d648   0x0000002c   Dbug   RW  3882     .debug_pubnames     drv_l1_cdsp.o
    0x0002d674   0x0000002c   Dbug   RW  3885     .debug_pubnames     drv_l1_cdsp.o
    0x0002d6a0   0x00000030   Dbug   RW  3888     .debug_pubnames     drv_l1_cdsp.o
    0x0002d6d0   0x00000030   Dbug   RW  3891     .debug_pubnames     drv_l1_cdsp.o
    0x0002d700   0x0000002c   Dbug   RW  3894     .debug_pubnames     drv_l1_cdsp.o
    0x0002d72c   0x0000002c   Dbug   RW  3897     .debug_pubnames     drv_l1_cdsp.o
    0x0002d758   0x0000002c   Dbug   RW  3900     .debug_pubnames     drv_l1_cdsp.o
    0x0002d784   0x00000028   Dbug   RW  3903     .debug_pubnames     drv_l1_cdsp.o
    0x0002d7ac   0x00000030   Dbug   RW  3906     .debug_pubnames     drv_l1_cdsp.o
    0x0002d7dc   0x0000002c   Dbug   RW  3909     .debug_pubnames     drv_l1_cdsp.o
    0x0002d808   0x0000002c   Dbug   RW  3912     .debug_pubnames     drv_l1_cdsp.o
    0x0002d834   0x0000002c   Dbug   RW  3915     .debug_pubnames     drv_l1_cdsp.o
    0x0002d860   0x00000028   Dbug   RW  3918     .debug_pubnames     drv_l1_cdsp.o
    0x0002d888   0x00000028   Dbug   RW  3921     .debug_pubnames     drv_l1_cdsp.o
    0x0002d8b0   0x00000028   Dbug   RW  3924     .debug_pubnames     drv_l1_cdsp.o
    0x0002d8d8   0x00000028   Dbug   RW  3927     .debug_pubnames     drv_l1_cdsp.o
    0x0002d900   0x00000028   Dbug   RW  3930     .debug_pubnames     drv_l1_cdsp.o
    0x0002d928   0x00000028   Dbug   RW  3933     .debug_pubnames     drv_l1_cdsp.o
    0x0002d950   0x00000024   Dbug   RW  3936     .debug_pubnames     drv_l1_cdsp.o
    0x0002d974   0x00000028   Dbug   RW  3939     .debug_pubnames     drv_l1_cdsp.o
    0x0002d99c   0x00000028   Dbug   RW  3942     .debug_pubnames     drv_l1_cdsp.o
    0x0002d9c4   0x0000002c   Dbug   RW  3945     .debug_pubnames     drv_l1_cdsp.o
    0x0002d9f0   0x0000002c   Dbug   RW  3948     .debug_pubnames     drv_l1_cdsp.o
    0x0002da1c   0x0000002c   Dbug   RW  3951     .debug_pubnames     drv_l1_cdsp.o
    0x0002da48   0x00000028   Dbug   RW  3954     .debug_pubnames     drv_l1_cdsp.o
    0x0002da70   0x00000028   Dbug   RW  3957     .debug_pubnames     drv_l1_cdsp.o
    0x0002da98   0x00000028   Dbug   RW  3960     .debug_pubnames     drv_l1_cdsp.o
    0x0002dac0   0x00000030   Dbug   RW  3963     .debug_pubnames     drv_l1_cdsp.o
    0x0002daf0   0x0000002c   Dbug   RW  3966     .debug_pubnames     drv_l1_cdsp.o
    0x0002db1c   0x0000002c   Dbug   RW  3969     .debug_pubnames     drv_l1_cdsp.o
    0x0002db48   0x00000028   Dbug   RW  3972     .debug_pubnames     drv_l1_cdsp.o
    0x0002db70   0x0000002c   Dbug   RW  3975     .debug_pubnames     drv_l1_cdsp.o
    0x0002db9c   0x00000028   Dbug   RW  3978     .debug_pubnames     drv_l1_cdsp.o
    0x0002dbc4   0x00000028   Dbug   RW  3981     .debug_pubnames     drv_l1_cdsp.o
    0x0002dbec   0x00000030   Dbug   RW  3984     .debug_pubnames     drv_l1_cdsp.o
    0x0002dc1c   0x0000002c   Dbug   RW  3987     .debug_pubnames     drv_l1_cdsp.o
    0x0002dc48   0x00000028   Dbug   RW  3990     .debug_pubnames     drv_l1_cdsp.o
    0x0002dc70   0x00000028   Dbug   RW  3993     .debug_pubnames     drv_l1_cdsp.o
    0x0002dc98   0x0000002c   Dbug   RW  3996     .debug_pubnames     drv_l1_cdsp.o
    0x0002dcc4   0x0000002c   Dbug   RW  3999     .debug_pubnames     drv_l1_cdsp.o
    0x0002dcf0   0x0000002c   Dbug   RW  4002     .debug_pubnames     drv_l1_cdsp.o
    0x0002dd1c   0x0000002c   Dbug   RW  4005     .debug_pubnames     drv_l1_cdsp.o
    0x0002dd48   0x00000024   Dbug   RW  4008     .debug_pubnames     drv_l1_cdsp.o
    0x0002dd6c   0x00000028   Dbug   RW  4011     .debug_pubnames     drv_l1_cdsp.o
    0x0002dd94   0x0000002c   Dbug   RW  4014     .debug_pubnames     drv_l1_cdsp.o
    0x0002ddc0   0x0000002c   Dbug   RW  4017     .debug_pubnames     drv_l1_cdsp.o
    0x0002ddec   0x00000030   Dbug   RW  4020     .debug_pubnames     drv_l1_cdsp.o
    0x0002de1c   0x0000002c   Dbug   RW  4023     .debug_pubnames     drv_l1_cdsp.o
    0x0002de48   0x00000028   Dbug   RW  4026     .debug_pubnames     drv_l1_cdsp.o
    0x0002de70   0x00000024   Dbug   RW  4029     .debug_pubnames     drv_l1_cdsp.o
    0x0002de94   0x00000034   Dbug   RW  4032     .debug_pubnames     drv_l1_cdsp.o
    0x0002dec8   0x0000002c   Dbug   RW  4035     .debug_pubnames     drv_l1_cdsp.o
    0x0002def4   0x00000030   Dbug   RW  4038     .debug_pubnames     drv_l1_cdsp.o
    0x0002df24   0x0000002c   Dbug   RW  4041     .debug_pubnames     drv_l1_cdsp.o
    0x0002df50   0x0000002c   Dbug   RW  4044     .debug_pubnames     drv_l1_cdsp.o
    0x0002df7c   0x0000002c   Dbug   RW  4047     .debug_pubnames     drv_l1_cdsp.o
    0x0002dfa8   0x0000002c   Dbug   RW  4050     .debug_pubnames     drv_l1_cdsp.o
    0x0002dfd4   0x0000002c   Dbug   RW  4053     .debug_pubnames     drv_l1_cdsp.o
    0x0002e000   0x0000002c   Dbug   RW  4056     .debug_pubnames     drv_l1_cdsp.o
    0x0002e02c   0x0000002c   Dbug   RW  4059     .debug_pubnames     drv_l1_cdsp.o
    0x0002e058   0x0000002c   Dbug   RW  4062     .debug_pubnames     drv_l1_cdsp.o
    0x0002e084   0x00000030   Dbug   RW  4065     .debug_pubnames     drv_l1_cdsp.o
    0x0002e0b4   0x00000030   Dbug   RW  4068     .debug_pubnames     drv_l1_cdsp.o
    0x0002e0e4   0x00000038   Dbug   RW  4071     .debug_pubnames     drv_l1_cdsp.o
    0x0002e11c   0x00000030   Dbug   RW  4074     .debug_pubnames     drv_l1_cdsp.o
    0x0002e14c   0x0000002c   Dbug   RW  4077     .debug_pubnames     drv_l1_cdsp.o
    0x0002e178   0x0000002c   Dbug   RW  4080     .debug_pubnames     drv_l1_cdsp.o
    0x0002e1a4   0x00000030   Dbug   RW  4083     .debug_pubnames     drv_l1_cdsp.o
    0x0002e1d4   0x00000030   Dbug   RW  4086     .debug_pubnames     drv_l1_cdsp.o
    0x0002e204   0x00000030   Dbug   RW  4089     .debug_pubnames     drv_l1_cdsp.o
    0x0002e234   0x00000030   Dbug   RW  4092     .debug_pubnames     drv_l1_cdsp.o
    0x0002e264   0x0000002c   Dbug   RW  4095     .debug_pubnames     drv_l1_cdsp.o
    0x0002e290   0x00000030   Dbug   RW  4098     .debug_pubnames     drv_l1_cdsp.o
    0x0002e2c0   0x0000002c   Dbug   RW  4101     .debug_pubnames     drv_l1_cdsp.o
    0x0002e2ec   0x00000020   Dbug   RW  4104     .debug_pubnames     drv_l1_cdsp.o
    0x0002e30c   0x00000028   Dbug   RW  4107     .debug_pubnames     drv_l1_cdsp.o
    0x0002e334   0x00000028   Dbug   RW  4110     .debug_pubnames     drv_l1_cdsp.o
    0x0002e35c   0x00000124   Dbug   RW  4113     .debug_pubnames     drv_l1_cdsp.o
    0x0002e480   0x000012e0   Dbug   RW  4117     .debug_pubnames     drv_l1_cdsp.o
    0x0002f760   0x00000024   Dbug   RW  4123     .debug_pubnames     drv_l1_front.o
    0x0002f784   0x0000002c   Dbug   RW  4126     .debug_pubnames     drv_l1_front.o
    0x0002f7b0   0x0000002c   Dbug   RW  4129     .debug_pubnames     drv_l1_front.o
    0x0002f7dc   0x0000002c   Dbug   RW  4132     .debug_pubnames     drv_l1_front.o
    0x0002f808   0x00000030   Dbug   RW  4135     .debug_pubnames     drv_l1_front.o
    0x0002f838   0x00000030   Dbug   RW  4138     .debug_pubnames     drv_l1_front.o
    0x0002f868   0x00000030   Dbug   RW  4141     .debug_pubnames     drv_l1_front.o
    0x0002f898   0x00000028   Dbug   RW  4144     .debug_pubnames     drv_l1_front.o
    0x0002f8c0   0x00000028   Dbug   RW  4147     .debug_pubnames     drv_l1_front.o
    0x0002f8e8   0x0000002c   Dbug   RW  4150     .debug_pubnames     drv_l1_front.o
    0x0002f914   0x00000028   Dbug   RW  4153     .debug_pubnames     drv_l1_front.o
    0x0002f93c   0x0000002c   Dbug   RW  4156     .debug_pubnames     drv_l1_front.o
    0x0002f968   0x00000028   Dbug   RW  4159     .debug_pubnames     drv_l1_front.o
    0x0002f990   0x0000002c   Dbug   RW  4162     .debug_pubnames     drv_l1_front.o
    0x0002f9bc   0x00000028   Dbug   RW  4165     .debug_pubnames     drv_l1_front.o
    0x0002f9e4   0x00000028   Dbug   RW  4168     .debug_pubnames     drv_l1_front.o
    0x0002fa0c   0x0000002c   Dbug   RW  4171     .debug_pubnames     drv_l1_front.o
    0x0002fa38   0x00000028   Dbug   RW  4174     .debug_pubnames     drv_l1_front.o
    0x0002fa60   0x0000002c   Dbug   RW  4177     .debug_pubnames     drv_l1_front.o
    0x0002fa8c   0x0000002c   Dbug   RW  4180     .debug_pubnames     drv_l1_front.o
    0x0002fab8   0x00000030   Dbug   RW  4183     .debug_pubnames     drv_l1_front.o
    0x0002fae8   0x00000030   Dbug   RW  4186     .debug_pubnames     drv_l1_front.o
    0x0002fb18   0x0000002c   Dbug   RW  4189     .debug_pubnames     drv_l1_front.o
    0x0002fb44   0x00000030   Dbug   RW  4192     .debug_pubnames     drv_l1_front.o
    0x0002fb74   0x00000030   Dbug   RW  4195     .debug_pubnames     drv_l1_front.o
    0x0002fba4   0x00000294   Dbug   RW  4201     .debug_pubnames     drv_l1_front.o
    0x0002fe38   0x000001ac   Dbug   RW  4206     .debug_pubnames     drv_l1_front.o
    0x0002ffe4   0x00000028   Dbug   RW  4212     .debug_pubnames     drv_l2_cdsp.o
    0x0003000c   0x0000002c   Dbug   RW  4215     .debug_pubnames     drv_l2_cdsp.o
    0x00030038   0x0000002c   Dbug   RW  4218     .debug_pubnames     drv_l2_cdsp.o
    0x00030064   0x00000028   Dbug   RW  4221     .debug_pubnames     drv_l2_cdsp.o
    0x0003008c   0x00000028   Dbug   RW  4224     .debug_pubnames     drv_l2_cdsp.o
    0x000300b4   0x00000028   Dbug   RW  4227     .debug_pubnames     drv_l2_cdsp.o
    0x000300dc   0x0000002c   Dbug   RW  4230     .debug_pubnames     drv_l2_cdsp.o
    0x00030108   0x0000002c   Dbug   RW  4233     .debug_pubnames     drv_l2_cdsp.o
    0x00030134   0x0000002c   Dbug   RW  4236     .debug_pubnames     drv_l2_cdsp.o
    0x00030160   0x00000028   Dbug   RW  4239     .debug_pubnames     drv_l2_cdsp.o
    0x00030188   0x0000002c   Dbug   RW  4242     .debug_pubnames     drv_l2_cdsp.o
    0x000301b4   0x00000038   Dbug   RW  4245     .debug_pubnames     drv_l2_cdsp.o
    0x000301ec   0x00000024   Dbug   RW  4248     .debug_pubnames     drv_l2_cdsp.o
    0x00030210   0x0000002c   Dbug   RW  4251     .debug_pubnames     drv_l2_cdsp.o
    0x0003023c   0x0000002c   Dbug   RW  4254     .debug_pubnames     drv_l2_cdsp.o
    0x00030268   0x0000002c   Dbug   RW  4257     .debug_pubnames     drv_l2_cdsp.o
    0x00030294   0x00000024   Dbug   RW  4260     .debug_pubnames     drv_l2_cdsp.o
    0x000302b8   0x00000028   Dbug   RW  4263     .debug_pubnames     drv_l2_cdsp.o
    0x000302e0   0x0000002c   Dbug   RW  4266     .debug_pubnames     drv_l2_cdsp.o
    0x0003030c   0x00000028   Dbug   RW  4269     .debug_pubnames     drv_l2_cdsp.o
    0x00030334   0x00000030   Dbug   RW  4272     .debug_pubnames     drv_l2_cdsp.o
    0x00030364   0x00000024   Dbug   RW  4275     .debug_pubnames     drv_l2_cdsp.o
    0x00030388   0x00000030   Dbug   RW  4278     .debug_pubnames     drv_l2_cdsp.o
    0x000303b8   0x000001e4   Dbug   RW  4281     .debug_pubnames     drv_l2_cdsp.o
    0x0003059c   0x000004ac   Dbug   RW  4285     .debug_pubnames     drv_l2_cdsp.o
    0x00030a48   0x00000070   Dbug   RW  4307     .debug_pubnames     sensor_isp_table.o
    0x00030ab8   0x00000020   Dbug   RW  4320     .debug_pubnames     drv_l1_gsensor.o
    0x00030ad8   0x00000020   Dbug   RW  4323     .debug_pubnames     drv_l1_gsensor.o
    0x00030af8   0x00000020   Dbug   RW  4326     .debug_pubnames     drv_l1_gsensor.o
    0x00030b18   0x00000024   Dbug   RW  4329     .debug_pubnames     drv_l1_gsensor.o
    0x00030b3c   0x00000028   Dbug   RW  4332     .debug_pubnames     drv_l1_gsensor.o
    0x00030b64   0x00000024   Dbug   RW  4335     .debug_pubnames     drv_l1_gsensor.o
    0x00030b88   0x00000028   Dbug   RW  4338     .debug_pubnames     drv_l1_gsensor.o
    0x00030bb0   0x00000024   Dbug   RW  4341     .debug_pubnames     drv_l1_gsensor.o
    0x00030bd4   0x00000024   Dbug   RW  4344     .debug_pubnames     drv_l1_gsensor.o
    0x00030bf8   0x00000038   Dbug   RW  4347     .debug_pubnames     drv_l1_gsensor.o
    0x00030c30   0x00000038   Dbug   RW  4350     .debug_pubnames     drv_l1_gsensor.o
    0x00030c68   0x00000030   Dbug   RW  4353     .debug_pubnames     drv_l1_gsensor.o
    0x00030c98   0x00000030   Dbug   RW  4356     .debug_pubnames     drv_l1_gsensor.o
    0x00030cc8   0x00000030   Dbug   RW  4359     .debug_pubnames     drv_l1_gsensor.o
    0x00030cf8   0x0000003c   Dbug   RW  4362     .debug_pubnames     drv_l1_gsensor.o
    0x00030d34   0x00000024   Dbug   RW  4365     .debug_pubnames     drv_l1_gsensor.o
    0x00030d58   0x00000030   Dbug   RW  4368     .debug_pubnames     drv_l1_gsensor.o
    0x00030d88   0x0000002c   Dbug   RW  4371     .debug_pubnames     drv_l1_gsensor.o
    0x00030db4   0x0000002c   Dbug   RW  4374     .debug_pubnames     drv_l1_gsensor.o
    0x00030de0   0x00000038   Dbug   RW  4377     .debug_pubnames     drv_l1_gsensor.o
    0x00030e18   0x00000274   Dbug   RW  4381     .debug_pubnames     drv_l1_gsensor.o
    0x0003108c   0x00000020   Dbug   RW  4398     .debug_pubnames     spi_flash_disk.o
    0x000310ac   0x00000034   Dbug   RW  4401     .debug_pubnames     spi_flash_disk.o
    0x000310e0   0x0000007c   Dbug   RW  4408     .debug_pubnames     spi_flash_disk.o
    0x0003115c   0x0000001c   Dbug   RW  4412     .debug_pubnames     spi_flash_disk.o
    0x00031178   0x0000001c   Dbug   RW  4416     .debug_pubnames     spi_flash_disk.o
    0x00031194   0x0000002c   Dbug   RW  4420     .debug_pubnames     spi_flash_disk.o
    0x000311c0   0x00000068   Dbug   RW  4428     .debug_pubnames     spi_flash_disk.o
    0x00031228   0x0000009c   Dbug   RW  4432     .debug_pubnames     spi_flash_disk.o
    0x000312c4   0x00000020   Dbug   RW  4436     .debug_pubnames     spi_flash_disk.o
    0x000312e4   0x00000030   Dbug   RW  4467     .debug_pubnames     drv_struct.o
    0x00031314   0x00000030   Dbug   RW  4473     .debug_pubnames     fs_drv_manager.o
    0x00031344   0x00000034   Dbug   RW  4476     .debug_pubnames     fs_drv_manager.o
    0x00031378   0x00000034   Dbug   RW  4479     .debug_pubnames     fs_drv_manager.o
    0x000313ac   0x00000030   Dbug   RW  4482     .debug_pubnames     fs_drv_manager.o
    0x000313dc   0x00000030   Dbug   RW  4485     .debug_pubnames     fs_drv_manager.o
    0x0003140c   0x00000034   Dbug   RW  4488     .debug_pubnames     fs_drv_manager.o
    0x00031440   0x00000048   Dbug   RW  4491     .debug_pubnames     fs_drv_manager.o
    0x00031488   0x000000cc   Dbug   RW  4495     .debug_pubnames     fs_drv_manager.o
    0x00031554   0x00000034   Dbug   RW  4503     .debug_pubnames     sd.o
    0x00031588   0x0000002c   Dbug   RW  4506     .debug_pubnames     sd.o
    0x000315b4   0x0000002c   Dbug   RW  4509     .debug_pubnames     sd.o
    0x000315e0   0x00000024   Dbug   RW  4512     .debug_pubnames     sd.o
    0x00031604   0x00000024   Dbug   RW  4515     .debug_pubnames     sd.o
    0x00031628   0x00000024   Dbug   RW  4518     .debug_pubnames     sd.o
    0x0003164c   0x00000024   Dbug   RW  4521     .debug_pubnames     sd.o
    0x00031670   0x00000028   Dbug   RW  4524     .debug_pubnames     sd.o
    0x00031698   0x00000020   Dbug   RW  4527     .debug_pubnames     sd.o
    0x000316b8   0x00000024   Dbug   RW  4530     .debug_pubnames     sd.o
    0x000316dc   0x00000028   Dbug   RW  4533     .debug_pubnames     sd.o
    0x00031704   0x00000024   Dbug   RW  4536     .debug_pubnames     sd.o
    0x00031728   0x000000d8   Dbug   RW  4539     .debug_pubnames     sd.o
    0x00031800   0x00000150   Dbug   RW  4543     .debug_pubnames     sd.o
    0x00031950   0x00000024   Dbug   RW  4569     .debug_pubnames     fs_os.o
    0x00031974   0x00000024   Dbug   RW  4572     .debug_pubnames     fs_os.o
    0x00031998   0x00000024   Dbug   RW  4575     .debug_pubnames     fs_os.o
    0x000319bc   0x00000024   Dbug   RW  4578     .debug_pubnames     fs_os.o
    0x000319e0   0x0000002c   Dbug   RW  4581     .debug_pubnames     fs_os.o
    0x00031a0c   0x0000002c   Dbug   RW  4584     .debug_pubnames     fs_os.o
    0x00031a38   0x00000024   Dbug   RW  4587     .debug_pubnames     fs_os.o
    0x00031a5c   0x00000024   Dbug   RW  4590     .debug_pubnames     fs_os.o
    0x00031a80   0x000000a8   Dbug   RW  4596     .debug_pubnames     fs_os.o
    0x00031b28   0x00000344   Dbug   RW  4600     .debug_pubnames     fs_os.o
    0x00031e6c   0x00000110   Dbug   RW  4621     .debug_pubnames     fsglobalvar.o
    0x00031f7c   0x00000344   Dbug   RW  4624     .debug_pubnames     fsglobalvar.o
    0x000322c0   0x00000020   Dbug   RW  4628     .debug_pubnames     swap_byte.o
    0x000322e0   0x00000020   Dbug   RW  4631     .debug_pubnames     swap_byte.o
    0x00032300   0x00000020   Dbug   RW  4634     .debug_pubnames     swap_byte.o
    0x00032320   0x00000020   Dbug   RW  4637     .debug_pubnames     swap_byte.o
    0x00032340   0x00000028   Dbug   RW  4640     .debug_pubnames     swap_byte.o
    0x00032368   0x00000058   Dbug   RW  4646     .debug_pubnames     swap_byte.o
    0x000323c0   0x0000002c   Dbug   RW  4664     .debug_pubnames     sensor_gc1004.o
    0x000323ec   0x00000034   Dbug   RW  4667     .debug_pubnames     sensor_gc1004.o
    0x00032420   0x00000030   Dbug   RW  4670     .debug_pubnames     sensor_gc1004.o
    0x00032450   0x00000030   Dbug   RW  4673     .debug_pubnames     sensor_gc1004.o
    0x00032480   0x00000034   Dbug   RW  4676     .debug_pubnames     sensor_gc1004.o
    0x000324b4   0x00000030   Dbug   RW  4679     .debug_pubnames     sensor_gc1004.o
    0x000324e4   0x0000002c   Dbug   RW  4682     .debug_pubnames     sensor_gc1004.o
    0x00032510   0x00000030   Dbug   RW  4685     .debug_pubnames     sensor_gc1004.o
    0x00032540   0x00000030   Dbug   RW  4688     .debug_pubnames     sensor_gc1004.o
    0x00032570   0x00000030   Dbug   RW  4691     .debug_pubnames     sensor_gc1004.o
    0x000325a0   0x00000024   Dbug   RW  4694     .debug_pubnames     sensor_gc1004.o
    0x000325c4   0x0000002c   Dbug   RW  4697     .debug_pubnames     sensor_gc1004.o
    0x000325f0   0x000000a8   Dbug   RW  4700     .debug_pubnames     sensor_gc1004.o
    0x00032698   0x0000018c   Dbug   RW  4704     .debug_pubnames     sensor_gc1004.o
    0x00032824   0x00000280   Dbug   RW  4709     .debug_pubnames     sensor_gc1004.o
    0x00032aa4   0x00000024   Dbug   RW  4715     .debug_pubnames     drv_l1_ext_mode.o
    0x00032ac8   0x00000030   Dbug   RW  4718     .debug_pubnames     drv_l1_ext_mode.o
    0x00032af8   0x00000028   Dbug   RW  4721     .debug_pubnames     drv_l1_ext_mode.o
    0x00032b20   0x00000028   Dbug   RW  4724     .debug_pubnames     drv_l1_ext_mode.o
    0x00032b48   0x00000028   Dbug   RW  4727     .debug_pubnames     drv_l1_ext_mode.o
    0x00032b70   0x0000007c   Dbug   RW  4731     .debug_pubnames     drv_l1_ext_mode.o
    0x00032bec   0x00001314   Dbug   RW  4735     .debug_pubnames     drv_l1_ext_mode.o
    0x00033f00   0x00000030   Dbug   RW  4741     .debug_pubnames     drv_l2_sd.o
    0x00033f30   0x00000030   Dbug   RW  4744     .debug_pubnames     drv_l2_sd.o
    0x00033f60   0x00000030   Dbug   RW  4747     .debug_pubnames     drv_l2_sd.o
    0x00033f90   0x00000030   Dbug   RW  4750     .debug_pubnames     drv_l2_sd.o
    0x00033fc0   0x00000030   Dbug   RW  4753     .debug_pubnames     drv_l2_sd.o
    0x00033ff0   0x00000034   Dbug   RW  4756     .debug_pubnames     drv_l2_sd.o
    0x00034024   0x00000034   Dbug   RW  4759     .debug_pubnames     drv_l2_sd.o
    0x00034058   0x00000034   Dbug   RW  4762     .debug_pubnames     drv_l2_sd.o
    0x0003408c   0x00000038   Dbug   RW  4765     .debug_pubnames     drv_l2_sd.o
    0x000340c4   0x0000002c   Dbug   RW  4768     .debug_pubnames     drv_l2_sd.o
    0x000340f0   0x0000002c   Dbug   RW  4771     .debug_pubnames     drv_l2_sd.o
    0x0003411c   0x0000002c   Dbug   RW  4774     .debug_pubnames     drv_l2_sd.o
    0x00034148   0x0000002c   Dbug   RW  4777     .debug_pubnames     drv_l2_sd.o
    0x00034174   0x0000002c   Dbug   RW  4780     .debug_pubnames     drv_l2_sd.o
    0x000341a0   0x0000002c   Dbug   RW  4783     .debug_pubnames     drv_l2_sd.o
    0x000341cc   0x0000002c   Dbug   RW  4786     .debug_pubnames     drv_l2_sd.o
    0x000341f8   0x00000030   Dbug   RW  4789     .debug_pubnames     drv_l2_sd.o
    0x00034228   0x00000128   Dbug   RW  4792     .debug_pubnames     drv_l2_sd.o
    0x00034350   0x0000027c   Dbug   RW  4796     .debug_pubnames     drv_l2_sd.o
    0x000345cc   0x00000028   Dbug   RW  4821     .debug_pubnames     video_codec_dynamic_jpeg_Q.o
    0x000345f4   0x00000038   Dbug   RW  4829     .debug_pubnames     ap_jh_message.o
    0x0003462c   0x00000034   Dbug   RW  4832     .debug_pubnames     ap_jh_message.o
    0x00034660   0x00000030   Dbug   RW  4835     .debug_pubnames     ap_jh_message.o
    0x00034690   0x0000005c   Dbug   RW  4838     .debug_pubnames     ap_jh_message.o
    0x000346ec   0x00000044   Dbug   RW  4842     .debug_pubnames     ap_jh_message.o


================================================================================

Image component sizes


      Code    RO Data    RW Data    ZI Data      Debug   

    122000       9475       3223      37462    1243560   Object Totals
    151096       6111        809      27397      39284   Library Totals

================================================================================


      Code    RO Data    RW Data    ZI Data      Debug   

    273096      15586       4032      64859    1282844   Grand Totals

================================================================================

    Total RO  Size(Code + RO Data)               288682 ( 281.92kB)
    Total RW  Size(RW Data + ZI Data)             68891 (  67.28kB)
    Total ROM Size(Code + RO Data + RW Data)     292714 ( 285.85kB)

================================================================================

